Component: ARM Compiler 5.06 update 3 (build 300) Tool: armlink [4d35c9]

==============================================================================

Section Cross References

    startup_stm32f407xx.o(STACK) refers (Special) to heapauxi.o(.text) for __use_two_region_memory
    startup_stm32f407xx.o(HEAP) refers (Special) to heapauxi.o(.text) for __use_two_region_memory
    startup_stm32f407xx.o(RESET) refers (Special) to heapauxi.o(.text) for __use_two_region_memory
    startup_stm32f407xx.o(RESET) refers to startup_stm32f407xx.o(STACK) for __initial_sp
    startup_stm32f407xx.o(RESET) refers to startup_stm32f407xx.o(.text) for Reset_Handler
    startup_stm32f407xx.o(RESET) refers to stm32f4xx_it.o(i.NMI_Handler) for NMI_Handler
    startup_stm32f407xx.o(RESET) refers to stm32f4xx_it.o(i.HardFault_Handler) for HardFault_Handler
    startup_stm32f407xx.o(RESET) refers to stm32f4xx_it.o(i.MemManage_Handler) for MemManage_Handler
    startup_stm32f407xx.o(RESET) refers to stm32f4xx_it.o(i.BusFault_Handler) for BusFault_Handler
    startup_stm32f407xx.o(RESET) refers to stm32f4xx_it.o(i.UsageFault_Handler) for UsageFault_Handler
    startup_stm32f407xx.o(RESET) refers to stm32f4xx_it.o(i.SVC_Handler) for SVC_Handler
    startup_stm32f407xx.o(RESET) refers to stm32f4xx_it.o(i.DebugMon_Handler) for DebugMon_Handler
    startup_stm32f407xx.o(RESET) refers to stm32f4xx_it.o(i.PendSV_Handler) for PendSV_Handler
    startup_stm32f407xx.o(RESET) refers to stm32f4xx_it.o(i.SysTick_Handler) for SysTick_Handler
    startup_stm32f407xx.o(RESET) refers to stm32f4xx_it.o(i.EXTI0_IRQHandler) for EXTI0_IRQHandler
    startup_stm32f407xx.o(RESET) refers to stm32f4xx_it.o(i.EXTI1_IRQHandler) for EXTI1_IRQHandler
    startup_stm32f407xx.o(RESET) refers to stm32f4xx_it.o(i.EXTI4_IRQHandler) for EXTI4_IRQHandler
    startup_stm32f407xx.o(RESET) refers to stm32f4xx_it.o(i.CAN1_RX0_IRQHandler) for CAN1_RX0_IRQHandler
    startup_stm32f407xx.o(RESET) refers to bsp_uart.o(i.USART1_IRQHandler) for USART1_IRQHandler
    startup_stm32f407xx.o(RESET) refers to bsp_uart.o(i.USART2_IRQHandler) for USART2_IRQHandler
    startup_stm32f407xx.o(RESET) refers to bsp_uart.o(i.USART3_IRQHandler) for USART3_IRQHandler
    startup_stm32f407xx.o(RESET) refers to bsp_uart.o(i.UART4_IRQHandler) for UART4_IRQHandler
    startup_stm32f407xx.o(RESET) refers to bsp_uart.o(i.UART5_IRQHandler) for UART5_IRQHandler
    startup_stm32f407xx.o(RESET) refers to bsp_uart.o(i.USART6_IRQHandler) for USART6_IRQHandler
    startup_stm32f407xx.o(.text) refers (Special) to heapauxi.o(.text) for __use_two_region_memory
    startup_stm32f407xx.o(.text) refers to system_stm32f4xx.o(i.SystemInit) for SystemInit
    startup_stm32f407xx.o(.text) refers to __main.o(!!!main) for __main
    startup_stm32f407xx.o(.text) refers to startup_stm32f407xx.o(HEAP) for Heap_Mem
    startup_stm32f407xx.o(.text) refers to startup_stm32f407xx.o(STACK) for Stack_Mem
    main.o(i.HAL_GPIO_EXTI_Callback) refers to stm32f4xx_hal_gpio.o(i.HAL_GPIO_TogglePin) for HAL_GPIO_TogglePin
    main.o(i.HAL_GPIO_EXTI_Callback) refers to __2printf.o(.text) for __2printf
    main.o(i.SystemClock_Config) refers to rt_memclr_w.o(.text) for __aeabi_memclr4
    main.o(i.SystemClock_Config) refers to stm32f4xx_hal_rcc.o(i.HAL_RCC_OscConfig) for HAL_RCC_OscConfig
    main.o(i.SystemClock_Config) refers to stm32f4xx_hal_rcc.o(i.HAL_RCC_ClockConfig) for HAL_RCC_ClockConfig
    main.o(i.main) refers to stm32f4xx_hal.o(i.HAL_Init) for HAL_Init
    main.o(i.main) refers to main.o(i.SystemClock_Config) for SystemClock_Config
    main.o(i.main) refers to gpio.o(i.MX_GPIO_Init) for MX_GPIO_Init
    main.o(i.main) refers to usart.o(i.MX_USART1_UART_Init) for MX_USART1_UART_Init
    main.o(i.main) refers to can.o(i.MX_CAN1_Init) for MX_CAN1_Init
    main.o(i.main) refers to stm32f4xx_hal_gpio.o(i.HAL_GPIO_WritePin) for HAL_GPIO_WritePin
    main.o(i.main) refers to bsp_uart.o(i.UART1_Init) for UART1_Init
    main.o(i.main) refers to bsp_can.o(i.can_bsp_init) for can_bsp_init
    main.o(i.main) refers to stm32f4xx_hal.o(i.HAL_Delay) for HAL_Delay
    main.o(i.main) refers to cybergear.o(i.init_cybergear) for init_cybergear
    main.o(i.main) refers to cybergear.o(i.set_position_cybergear) for set_position_cybergear
    main.o(i.main) refers to cybergear.o(.bss) for mi_motor
    gpio.o(i.MX_GPIO_Init) refers to rt_memclr_w.o(.text) for __aeabi_memclr4
    gpio.o(i.MX_GPIO_Init) refers to stm32f4xx_hal_gpio.o(i.HAL_GPIO_WritePin) for HAL_GPIO_WritePin
    gpio.o(i.MX_GPIO_Init) refers to stm32f4xx_hal_gpio.o(i.HAL_GPIO_Init) for HAL_GPIO_Init
    gpio.o(i.MX_GPIO_Init) refers to stm32f4xx_hal_cortex.o(i.HAL_NVIC_SetPriority) for HAL_NVIC_SetPriority
    gpio.o(i.MX_GPIO_Init) refers to stm32f4xx_hal_cortex.o(i.HAL_NVIC_EnableIRQ) for HAL_NVIC_EnableIRQ
    can.o(i.HAL_CAN_MspDeInit) refers to stm32f4xx_hal_gpio.o(i.HAL_GPIO_DeInit) for HAL_GPIO_DeInit
[...]
    ../clib/printf.c                         0x00000000   Number         0  _printf_wchar.o ABSOLUTE
    ../clib/printf.c                         0x00000000   Number         0  __printf_nopercent.o ABSOLUTE
    ../clib/printf.c                         0x00000000   Number         0  _printf_hex_int_ll.o ABSOLUTE
    ../clib/printf.c                         0x00000000   Number         0  _printf_hex_int_ll_ptr.o ABSOLUTE
    ../clib/printf.c                         0x00000000   Number         0  _printf_hex_int_ptr.o ABSOLUTE
    ../clib/printf.c                         0x00000000   Number         0  _printf_hex_ll_ptr.o ABSOLUTE
    ../clib/printf.c                         0x00000000   Number         0  _printf_hex_ptr.o ABSOLUTE
    ../clib/printf.c                         0x00000000   Number         0  _printf_hex_int.o ABSOLUTE
    ../clib/printf.c                         0x00000000   Number         0  _printf_oct_int_ll.o ABSOLUTE
    ../clib/printf.c                         0x00000000   Number         0  _printf_oct_int.o ABSOLUTE
    ../clib/printf.c                         0x00000000   Number         0  _printf_oct_ll.o ABSOLUTE
    ../clib/printf.c                         0x00000000   Number         0  _printf_longlong_dec.o ABSOLUTE
    ../clib/printf.c                         0x00000000   Number         0  _printf_wctomb.o ABSOLUTE
    ../clib/printf.c                         0x00000000   Number         0  _printf_char_file.o ABSOLUTE
    ../clib/printf.c                         0x00000000   Number         0  _snputc.o ABSOLUTE
    ../clib/printf.c                         0x00000000   Number         0  _sputc.o ABSOLUTE
    ../clib/printf.c                         0x00000000   Number         0  _printf_char_common.o ABSOLUTE
    ../clib/printf.c                         0x00000000   Number         0  _printf_charcount.o ABSOLUTE
    ../clib/printf.c                         0x00000000   Number         0  _printf_intcommon.o ABSOLUTE
    ../clib/printf.c                         0x00000000   Number         0  _printf_str.o ABSOLUTE
    ../clib/printf.c                         0x00000000   Number         0  _printf_truncate.o ABSOLUTE
    ../clib/printf.c                         0x00000000   Number         0  _printf_pad.o ABSOLUTE
    ../clib/printf.c                         0x00000000   Number         0  _printf_hex_ll.o ABSOLUTE
    ../clib/printf.c                         0x00000000   Number         0  vsnprintf.o ABSOLUTE
    ../clib/printf.c                         0x00000000   Number         0  __2printf.o ABSOLUTE
    ../clib/printf.c                         0x00000000   Number         0  noretval__2printf.o ABSOLUTE
    ../clib/printf_percent.s                 0x00000000   Number         0  _printf_percent.o ABSOLUTE
    ../clib/printf_percent.s                 0x00000000   Number         0  _printf_d.o ABSOLUTE
    ../clib/printf_percent.s                 0x00000000   Number         0  _printf_f.o ABSOLUTE
    ../clib/printf_percent.s                 0x00000000   Number         0  _printf_e.o ABSOLUTE
    ../clib/printf_percent.s                 0x00000000   Number         0  _printf_g.o ABSOLUTE
    ../clib/printf_percent.s                 0x00000000   Number         0  _printf_a.o ABSOLUTE
    ../clib/printf_percent.s                 0x00000000   Number         0  _printf_u.o ABSOLUTE
    ../clib/printf_percent.s                 0x00000000   Number         0  _printf_lc.o ABSOLUTE
    ../clib/printf_percent.s                 0x00000000   Number         0  _printf_l.o ABSOLUTE
    ../clib/printf_percent.s                 0x00000000   Number         0  _printf_ll.o ABSOLUTE
    ../clib/printf_percent.s                 0x00000000   Number         0  _printf_lli.o ABSOLUTE
    ../clib/printf_percent.s                 0x00000000   Number         0  _printf_llo.o ABSOLUTE
    ../clib/printf_percent.s                 0x00000000   Number         0  _printf_c.o ABSOLUTE
    ../clib/printf_percent.s                 0x00000000   Number         0  _printf_llu.o ABSOLUTE
    ../clib/printf_percent.s                 0x00000000   Number         0  _printf_o.o ABSOLUTE
    ../clib/printf_percent.s                 0x00000000   Number         0  _printf_p.o ABSOLUTE
    ../clib/printf_percent.s                 0x00000000   Number         0  _printf_x.o ABSOLUTE
    ../clib/printf_percent.s                 0x00000000   Number         0  _printf_lld.o ABSOLUTE
    ../clib/printf_percent.s                 0x00000000   Number         0  _printf_n.o ABSOLUTE
    ../clib/printf_percent.s                 0x00000000   Number         0  _printf_i.o ABSOLUTE
    ../clib/printf_percent.s                 0x00000000   Number         0  _printf_llx.o ABSOLUTE
    ../clib/printf_percent.s                 0x00000000   Number         0  _printf_ls.o ABSOLUTE
    ../clib/printf_percent.s                 0x00000000   Number         0  _printf_percent_end.o ABSOLUTE
    ../clib/printf_percent.s                 0x00000000   Number         0  _printf_s.o ABSOLUTE
    ../clib/signal.c                         0x00000000   Number         0  defsig_segv_inner.o ABSOLUTE
    ../clib/signal.c                         0x00000000   Number         0  defsig_cppl_inner.o ABSOLUTE
    ../clib/signal.c                         0x00000000   Number         0  defsig_pvfn_inner.o ABSOLUTE
    ../clib/signal.c                         0x00000000   Number         0  defsig_stak_inner.o ABSOLUTE
    ../clib/signal.c                         0x00000000   Number         0  defsig_rtmem_outer.o ABSOLUTE
    ../clib/signal.c                         0x00000000   Number         0  defsig_rtmem_inner.o ABSOLUTE
    ../clib/signal.c                         0x00000000   Number         0  defsig_rtred_inner.o ABSOLUTE
    ../clib/signal.c                         0x00000000   Number         0  defsig_abrt_inner.o ABSOLUTE
    ../clib/signal.c                         0x00000000   Number         0  defsig_general.o ABSOLUTE
    ../clib/signal.c                         0x00000000   Number         0  __raise.o ABSOLUTE
    ../clib/signal.c                         0x00000000   Number         0  defsig_fpe_inner.o ABSOLUTE
    ../clib/signal.c                         0x00000000   Number         0  defsig_exit.o ABSOLUTE
    ../clib/signal.c                         0x00000000   Number         0  defsig_fpe_formal.o ABSOLUTE
    ../clib/signal.c                         0x00000000   Number         0  defsig_fpe_outer.o ABSOLUTE
    ../clib/signal.c                         0x00000000   Number         0  defsig_rtmem_formal.o ABSOLUTE
    ../clib/signal.c                         0x00000000   Number         0  defsig_other.o ABSOLUTE
    ../clib/signal.s                         0x00000000   Number         0  defsig.o ABSOLUTE
    ../clib/stdio.c                          0x00000000   Number         0  ferror.o ABSOLUTE
    ../clib/stdio.c                          0x00000000   Number         0  ferror_locked.o ABSOLUTE
    ../clib/stdlib.c                         0x00000000   Number         0  exit.o ABSOLUTE
    ../fplib/d2f.s                           0x00000000   Number         0  d2f.o ABSOLUTE
    ../fplib/dflt.s                          0x00000000   Number         0  dflt_clz.o ABSOLUTE
    ../fplib/dmul.s                          0x00000000   Number         0  dmul.o ABSOLUTE
    ../fplib/dnaninf.s                       0x00000000   Number         0  dnaninf.o ABSOLUTE
    ../fplib/dretinf.s                       0x00000000   Number         0  dretinf.o ABSOLUTE
    ../fplib/fpinit.s                        0x00000000   Number         0  fpinit.o ABSOLUTE
    ../fplib/fretinf.s                       0x00000000   Number         0  fretinf.o ABSOLUTE
    ../fplib/istatus.s                       0x00000000   Number         0  istatus.o ABSOLUTE
    ../fplib/printf1.s                       0x00000000   Number         0  printf1.o ABSOLUTE
    ../fplib/printf2.s                       0x00000000   Number         0  printf2.o ABSOLUTE
    ../fplib/printf2a.s                      0x00000000   Number         0  printf2a.o ABSOLUTE
    ../fplib/printf2b.s                      0x00000000   Number         0  printf2b.o ABSOLUTE
    ../fplib/usenofp.s                       0x00000000   Number         0  usenofp.o ABSOLUTE
    ../mathlib/fpclassify.c                  0x00000000   Number         0  fpclassify.o ABSOLUTE
    ..\Bsp\CAN\bsp_CAN.c                     0x00000000   Number         0  bsp_can.o ABSOLUTE
    ..\Bsp\UART\bsp_UART.c                   0x00000000   Number         0  bsp_uart.o ABSOLUTE
    ..\Core\Src\can.c                        0x00000000   Number         0  can.o ABSOLUTE
    ..\Core\Src\gpio.c                       0x00000000   Number         0  gpio.o ABSOLUTE
    ..\Core\Src\main.c                       0x00000000   Number         0  main.o ABSOLUTE
    ..\Core\Src\stm32f4xx_hal_msp.c          0x00000000   Number         0  stm32f4xx_hal_msp.o ABSOLUTE
    ..\Core\Src\stm32f4xx_it.c               0x00000000   Number         0  stm32f4xx_it.o ABSOLUTE
    ..\Core\Src\system_stm32f4xx.c           0x00000000   Number         0  system_stm32f4xx.o ABSOLUTE
    ..\Core\Src\usart.c                      0x00000000   Number         0  usart.o ABSOLUTE
    ..\Cybergear\cybergear.c                 0x00000000   Number         0  cybergear.o ABSOLUTE
    ..\Drivers\STM32F4xx_HAL_Driver\Src\stm32f4xx_hal.c 0x00000000   Number         0  stm32f4xx_hal.o ABSOLUTE
    ..\Drivers\STM32F4xx_HAL_Driver\Src\stm32f4xx_hal_can.c 0x00000000   Number         0  stm32f4xx_hal_can.o ABSOLUTE
    ..\Drivers\STM32F4xx_HAL_Driver\Src\stm32f4xx_hal_cortex.c 0x00000000   Number         0  stm32f4xx_hal_cortex.o ABSOLUTE
    ..\Drivers\STM32F4xx_HAL_Driver\Src\stm32f4xx_hal_dma.c 0x00000000   Number         0  stm32f4xx_hal_dma.o ABSOLUTE
    ..\Drivers\STM32F4xx_HAL_Driver\Src\stm32f4xx_hal_dma_ex.c 0x00000000   Number         0  stm32f4xx_hal_dma_ex.o ABSOLUTE
    ..\Drivers\STM32F4xx_HAL_Driver\Src\stm32f4xx_hal_exti.c 0x00000000   Number         0  stm32f4xx_hal_exti.o ABSOLUTE
    ..\Drivers\STM32F4xx_HAL_Driver\Src\stm32f4xx_hal_flash.c 0x00000000   Number         0  stm32f4xx_hal_flash.o ABSOLUTE
    ..\Drivers\STM32F4xx_HAL_Driver\Src\stm32f4xx_hal_flash_ex.c 0x00000000   Number         0  stm32f4xx_hal_flash_ex.o ABSOLUTE
    ..\Drivers\STM32F4xx_HAL_Driver\Src\stm32f4xx_hal_flash_ramfunc.c 0x00000000   Number         0  stm32f4xx_hal_flash_ramfunc.o ABSOLUTE
    ..\Drivers\STM32F4xx_HAL_Driver\Src\stm32f4xx_hal_gpio.c 0x00000000   Number         0  stm32f4xx_hal_gpio.o ABSOLUTE
    ..\Drivers\STM32F4xx_HAL_Driver\Src\stm32f4xx_hal_pwr.c 0x00000000   Number         0  stm32f4xx_hal_pwr.o ABSOLUTE
    ..\Drivers\STM32F4xx_HAL_Driver\Src\stm32f4xx_hal_pwr_ex.c 0x00000000   Number         0  stm32f4xx_hal_pwr_ex.o ABSOLUTE
    ..\Drivers\STM32F4xx_HAL_Driver\Src\stm32f4xx_hal_rcc.c 0x00000000   Number         0  stm32f4xx_hal_rcc.o ABSOLUTE
    ..\Drivers\STM32F4xx_HAL_Driver\Src\stm32f4xx_hal_rcc_ex.c 0x00000000   Number         0  stm32f4xx_hal_rcc_ex.o ABSOLUTE
    ..\Drivers\STM32F4xx_HAL_Driver\Src\stm32f4xx_hal_tim.c 0x00000000   Number         0  stm32f4xx_hal_tim.o ABSOLUTE
    ..\Drivers\STM32F4xx_HAL_Driver\Src\stm32f4xx_hal_tim_ex.c 0x00000000   Number         0  stm32f4xx_hal_tim_ex.o ABSOLUTE
    ..\Drivers\STM32F4xx_HAL_Driver\Src\stm32f4xx_hal_uart.c 0x00000000   Number         0  stm32f4xx_hal_uart.o ABSOLUTE
    ..\\Bsp\\CAN\\bsp_CAN.c                  0x00000000   Number         0  bsp_can.o ABSOLUTE
    ..\\Bsp\\UART\\bsp_UART.c                0x00000000   Number         0  bsp_uart.o ABSOLUTE
    ..\\Cybergear\\cybergear.c               0x00000000   Number         0  cybergear.o ABSOLUTE
    dc.s                                     0x00000000   Number         0  dc.o ABSOLUTE
    startup_stm32f407xx.s                    0x00000000   Number         0  startup_stm32f407xx.o ABSOLUTE
    RESET                                    0x08000000   Section      392  startup_stm32f407xx.o(RESET)
    !!!main                                  0x08000188   Section        8  __main.o(!!!main)
    !!!scatter                               0x08000190   Section       52  __scatter.o(!!!scatter)
    !!handler_copy                           0x080001c4   Section       26  __scatter_copy.o(!!handler_copy)
    !!handler_zi                             0x080001e0   Section       28  __scatter_zi.o(!!handler_zi)
    .ARM.Collect$$_printf_percent$$00000000  0x080001fc   Section        0  _printf_percent.o(.ARM.Collect$$_printf_percent$$00000000)
    .ARM.Collect$$_printf_percent$$00000009  0x080001fc   Section        6  _printf_d.o(.ARM.Collect$$_printf_percent$$00000009)
    .ARM.Collect$$_printf_percent$$00000017  0x08000202   Section        4  _printf_percent_end.o(.ARM.Collect$$_printf_percent$$00000017)
    .ARM.Collect$$libinit$$00000000          0x08000206   Section        2  libinit.o(.ARM.Collect$$libinit$$00000000)
    .ARM.Collect$$libinit$$00000001          0x08000208   Section        4  libinit2.o(.ARM.Collect$$libinit$$00000001)
    .ARM.Collect$$libinit$$00000004          0x0800020c   Section        0  libinit2.o(.ARM.Collect$$libinit$$00000004)
    .ARM.Collect$$libinit$$0000000A          0x0800020c   Section        0  libinit2.o(.ARM.Collect$$libinit$$0000000A)
    .ARM.Collect$$libinit$$0000000C          0x0800020c   Section        0  libinit2.o(.ARM.Collect$$libinit$$0000000C)
    .ARM.Collect$$libinit$$0000000E          0x0800020c   Section        0  libinit2.o(.ARM.Collect$$libinit$$0000000E)
    .ARM.Collect$$libinit$$00000011          0x0800020c   Section        0  libinit2.o(.ARM.Collect$$libinit$$00000011)
    .ARM.Collect$$libinit$$00000013          0x0800020c   Section        0  libinit2.o(.ARM.Collect$$libinit$$00000013)
    .ARM.Collect$$libinit$$00000015          0x0800020c   Section        0  libinit2.o(.ARM.Collect$$libinit$$00000015)
    .ARM.Collect$$libinit$$00000017          0x0800020c   Section        0  libinit2.o(.ARM.Collect$$libinit$$00000017)
    .ARM.Collect$$libinit$$00000019          0x0800020c   Section        0  libinit2.o(.ARM.Collect$$libinit$$00000019)
    .ARM.Collect$$libinit$$0000001B          0x0800020c   Section        0  libinit2.o(.ARM.Collect$$libinit$$0000001B)
    .ARM.Collect$$libinit$$0000001D          0x0800020c   Section        0  libinit2.o(.ARM.Collect$$libinit$$0000001D)
    .ARM.Collect$$libinit$$0000001F          0x0800020c   Section        0  libinit2.o(.ARM.Collect$$libinit$$0000001F)
    .ARM.Collect$$libinit$$00000021          0x0800020c   Section        0  libinit2.o(.ARM.Collect$$libinit$$00000021)
    .ARM.Collect$$libinit$$00000023          0x0800020c   Section        0  libinit2.o(.ARM.Collect$$libinit$$00000023)
    .ARM.Collect$$libinit$$00000025          0x0800020c   Section        0  libinit2.o(.ARM.Collect$$libinit$$00000025)
    .ARM.Collect$$libinit$$0000002C          0x0800020c   Section        0  libinit2.o(.ARM.Collect$$libinit$$0000002C)
    .ARM.Collect$$libinit$$0000002E          0x0800020c   Section        0  libinit2.o(.ARM.Collect$$libinit$$0000002E)
    .ARM.Collect$$libinit$$00000030          0x0800020c   Section        0  libinit2.o(.ARM.Collect$$libinit$$00000030)
    .ARM.Collect$$libinit$$00000032          0x0800020c   Section        0  libinit2.o(.ARM.Collect$$libinit$$00000032)
    .ARM.Collect$$libinit$$00000033          0x0800020c   Section        2  libinit2.o(.ARM.Collect$$libinit$$00000033)
    .ARM.Collect$$libshutdown$$00000000      0x0800020e   Section        2  libshutdown.o(.ARM.Collect$$libshutdown$$00000000)
    .ARM.Collect$$libshutdown$$00000002      0x08000210   Section        0  libshutdown2.o(.ARM.Collect$$libshutdown$$00000002)
    .ARM.Collect$$libshutdown$$00000004      0x08000210   Section        0  libshutdown2.o(.ARM.Collect$$libshutdown$$00000004)
    .ARM.Collect$$libshutdown$$00000007      0x08000210   Section        0  libshutdown2.o(.ARM.Collect$$libshutdown$$00000007)
    .ARM.Collect$$libshutdown$$0000000A      0x08000210   Section        0  libshutdown2.o(.ARM.Collect$$libshutdown$$0000000A)
    .ARM.Collect$$libshutdown$$0000000C      0x08000210   Section        0  libshutdown2.o(.ARM.Collect$$libshutdown$$0000000C)
    .ARM.Collect$$libshutdown$$0000000F      0x08000210   Section        0  libshutdown2.o(.ARM.Collect$$libshutdown$$0000000F)
    .ARM.Collect$$libshutdown$$00000010      0x08000210   Section        2  libshutdown2.o(.ARM.Collect$$libshutdown$$00000010)
    .ARM.Collect$$rtentry$$00000000          0x08000212   Section        0  __rtentry.o(.ARM.Collect$$rtentry$$00000000)
    .ARM.Collect$$rtentry$$00000002          0x08000212   Section        0  __rtentry2.o(.ARM.Collect$$rtentry$$00000002)
    .ARM.Collect$$rtentry$$00000004          0x08000212   Section        6  __rtentry4.o(.ARM.Collect$$rtentry$$00000004)
    .ARM.Collect$$rtentry$$00000009          0x08000218   Section        0  __rtentry2.o(.ARM.Collect$$rtentry$$00000009)
    .ARM.Collect$$rtentry$$0000000A          0x08000218   Section        4  __rtentry2.o(.ARM.Collect$$rtentry$$0000000A)
    .ARM.Collect$$rtentry$$0000000C          0x0800021c   Section        0  __rtentry2.o(.ARM.Collect$$rtentry$$0000000C)
    .ARM.Collect$$rtentry$$0000000D          0x0800021c   Section        8  __rtentry2.o(.ARM.Collect$$rtentry$$0000000D)
    .ARM.Collect$$rtexit$$00000000           0x08000224   Section        2  rtexit.o(.ARM.Collect$$rtexit$$00000000)
    .ARM.Collect$$rtexit$$00000002           0x08000226   Section        0  rtexit2.o(.ARM.Collect$$rtexit$$00000002)
    .ARM.Collect$$rtexit$$00000003           0x08000226   Section        4  rtexit2.o(.ARM.Collect$$rtexit$$00000003)
    .ARM.Collect$$rtexit$$00000004           0x0800022a   Section        6  rtexit2.o(.ARM.Collect$$rtexit$$00000004)
    .text                                    0x08000230   Section       64  startup_stm32f407xx.o(.text)
    $v0                                      0x08000230   Number         0  startup_stm32f407xx.o(.text)
    .text                                    0x08000270   Section        2  use_no_semi_2.o(.text)
    .text                                    0x08000272   Section      238  lludivv7m.o(.text)
    .text                                    0x08000360   Section        0  __2printf.o(.text)
    .text                                    0x08000378   Section        0  _printf_dec.o(.text)
    .text                                    0x080003f0   Section        0  __printf_flags_ss_wp.o(.text)
    .text                                    0x08000578   Section      138  rt_memcpy_v6.o(.text)
    .text                                    0x08000602   Section       68  rt_memclr.o(.text)
    .text                                    0x08000646   Section       78  rt_memclr_w.o(.text)
    .text                                    0x08000694   Section        0  heapauxi.o(.text)
    .text                                    0x0800069a   Section        2  use_no_semi.o(.text)
    .text                                    0x0800069c   Section        0  _printf_intcommon.o(.text)
    .text                                    0x08000750   Section        0  _printf_char_common.o(.text)
    _printf_input_char                       0x08000751   Thumb Code    10  _printf_char_common.o(.text)
    .text                                    0x08000780   Section        0  _printf_char_file.o(.text)
    .text                                    0x080007a4   Section      100  rt_memcpy_w.o(.text)
    .text                                    0x08000808   Section        0  ferror.o(.text)
    .text                                    0x08000810   Section       74  sys_stackheap_outer.o(.text)
    .text                                    0x0800085a   Section        0  exit.o(.text)
    .text                                    0x0800086c   Section        8  libspace.o(.text)
    i.BusFault_Handler                       0x08000874   Section        0  stm32f4xx_it.o(i.BusFault_Handler)
    i.CAN1_FilterInit                        0x08000878   Section        0  bsp_can.o(i.CAN1_FilterInit)
    i.CAN1_RX0_IRQHandler                    0x080008b4   Section        0  stm32f4xx_it.o(i.CAN1_RX0_IRQHandler)
    i.DebugMon_Handler                       0x080008c0   Section        0  stm32f4xx_it.o(i.DebugMon_Handler)
    i.EXTI0_IRQHandler                       0x080008c2   Section        0  stm32f4xx_it.o(i.EXTI0_IRQHandler)
    i.EXTI1_IRQHandler                       0x080008c8   Section        0  stm32f4xx_it.o(i.EXTI1_IRQHandler)
    i.EXTI4_IRQHandler                       0x080008ce   Section        0  stm32f4xx_it.o(i.EXTI4_IRQHandler)
    i.Error_Handler                          0x080008d4   Section        0  main.o(i.Error_Handler)
    i.HAL_CAN_ActivateNotification           0x080008d8   Section        0  stm32f4xx_hal_can.o(i.HAL_CAN_ActivateNotification)
    i.HAL_CAN_AddTxMessage                   0x080008fc   Section        0  stm32f4xx_hal_can.o(i.HAL_CAN_AddTxMessage)
    i.HAL_CAN_ConfigFilter                   0x080009b8   Section        0  stm32f4xx_hal_can.o(i.HAL_CAN_ConfigFilter)
    i.HAL_CAN_ErrorCallback                  0x08000ac4   Section        0  stm32f4xx_hal_can.o(i.HAL_CAN_ErrorCallback)
    i.HAL_CAN_GetRxMessage                   0x08000ac6   Section        0  stm32f4xx_hal_can.o(i.HAL_CAN_GetRxMessage)
    i.HAL_CAN_IRQHandler                     0x08000bba   Section        0  stm32f4xx_hal_can.o(i.HAL_CAN_IRQHandler)
    i.HAL_CAN_Init                           0x08000db6   Section        0  stm32f4xx_hal_can.o(i.HAL_CAN_Init)
    i.HAL_CAN_MspInit                        0x08000ed0   Section        0  can.o(i.HAL_CAN_MspInit)
    i.HAL_CAN_RxFifo0FullCallback            0x08000f4c   Section        0  stm32f4xx_hal_can.o(i.HAL_CAN_RxFifo0FullCallback)
    i.HAL_CAN_RxFifo0MsgPendingCallback      0x08000f50   Section        0  cybergear.o(i.HAL_CAN_RxFifo0MsgPendingCallback)
    i.HAL_CAN_RxFifo1FullCallback            0x08000fac   Section        0  stm32f4xx_hal_can.o(i.HAL_CAN_RxFifo1FullCallback)
    i.HAL_CAN_RxFifo1MsgPendingCallback      0x08000fae   Section        0  stm32f4xx_hal_can.o(i.HAL_CAN_RxFifo1MsgPendingCallback)
    i.HAL_CAN_SleepCallback                  0x08000fb0   Section        0  stm32f4xx_hal_can.o(i.HAL_CAN_SleepCallback)
    i.HAL_CAN_Start                          0x08000fb4   Section        0  stm32f4xx_hal_can.o(i.HAL_CAN_Start)
    i.HAL_CAN_TxMailbox0AbortCallback        0x0800100c   Section        0  stm32f4xx_hal_can.o(i.HAL_CAN_TxMailbox0AbortCallback)
    i.HAL_CAN_TxMailbox0CompleteCallback     0x0800100e   Section        0  stm32f4xx_hal_can.o(i.HAL_CAN_TxMailbox0CompleteCallback)
    i.HAL_CAN_TxMailbox1AbortCallback        0x08001010   Section        0  stm32f4xx_hal_can.o(i.HAL_CAN_TxMailbox1AbortCallback)
    i.HAL_CAN_TxMailbox1CompleteCallback     0x08001012   Section        0  stm32f4xx_hal_can.o(i.HAL_CAN_TxMailbox1CompleteCallback)
    i.HAL_CAN_TxMailbox2AbortCallback        0x08001014   Section        0  stm32f4xx_hal_can.o(i.HAL_CAN_TxMailbox2AbortCallback)
    i.HAL_CAN_TxMailbox2CompleteCallback     0x08001016   Section        0  stm32f4xx_hal_can.o(i.HAL_CAN_TxMailbox2CompleteCallback)
    i.HAL_CAN_WakeUpFromRxMsgCallback        0x08001018   Section        0  stm32f4xx_hal_can.o(i.HAL_CAN_WakeUpFromRxMsgCallback)
    i.HAL_Delay                              0x0800101c   Section        0  stm32f4xx_hal.o(i.HAL_Delay)
    i.HAL_GPIO_EXTI_Callback                 0x08001040   Section        0  main.o(i.HAL_GPIO_EXTI_Callback)
    i.HAL_GPIO_EXTI_IRQHandler               0x080010a4   Section        0  stm32f4xx_hal_gpio.o(i.HAL_GPIO_EXTI_IRQHandler)
    i.HAL_GPIO_Init                          0x080010bc   Section        0  stm32f4xx_hal_gpio.o(i.HAL_GPIO_Init)
    i.HAL_GPIO_TogglePin                     0x080012ac   Section        0  stm32f4xx_hal_gpio.o(i.HAL_GPIO_TogglePin)
    i.HAL_GPIO_WritePin                      0x080012bc   Section        0  stm32f4xx_hal_gpio.o(i.HAL_GPIO_WritePin)
    i.HAL_GetTick                            0x080012c8   Section        0  stm32f4xx_hal.o(i.HAL_GetTick)
    i.HAL_IncTick                            0x080012d4   Section        0  stm32f4xx_hal.o(i.HAL_IncTick)
    i.HAL_Init                               0x080012e4   Section        0  stm32f4xx_hal.o(i.HAL_Init)
    i.HAL_InitTick                           0x08001318   Section        0  stm32f4xx_hal.o(i.HAL_InitTick)
    i.HAL_MspInit                            0x08001358   Section        0  stm32f4xx_hal_msp.o(i.HAL_MspInit)
    i.HAL_NVIC_EnableIRQ                     0x08001388   Section        0  stm32f4xx_hal_cortex.o(i.HAL_NVIC_EnableIRQ)
    i.HAL_NVIC_SetPriority                   0x080013a4   Section        0  stm32f4xx_hal_cortex.o(i.HAL_NVIC_SetPriority)
    i.HAL_NVIC_SetPriorityGrouping           0x080013e4   Section        0  stm32f4xx_hal_cortex.o(i.HAL_NVIC_SetPriorityGrouping)
    i.HAL_RCC_ClockConfig                    0x08001408   Section        0  stm32f4xx_hal_rcc.o(i.HAL_RCC_ClockConfig)
    i.HAL_RCC_GetPCLK1Freq                   0x0800153c   Section        0  stm32f4xx_hal_rcc.o(i.HAL_RCC_GetPCLK1Freq)
    i.HAL_RCC_GetPCLK2Freq                   0x0800155c   Section        0  stm32f4xx_hal_rcc.o(i.HAL_RCC_GetPCLK2Freq)
    i.HAL_RCC_GetSysClockFreq                0x0800157c   Section        0  stm32f4xx_hal_rcc.o(i.HAL_RCC_GetSysClockFreq)
    i.HAL_RCC_OscConfig                      0x080015dc   Section        0  stm32f4xx_hal_rcc.o(i.HAL_RCC_OscConfig)
    i.HAL_SYSTICK_Config                     0x08001948   Section        0  stm32f4xx_hal_cortex.o(i.HAL_SYSTICK_Config)
    i.HAL_UART_Init                          0x08001970   Section        0  stm32f4xx_hal_uart.o(i.HAL_UART_Init)
    i.HAL_UART_MspInit                       0x080019d4   Section        0  usart.o(i.HAL_UART_MspInit)
    i.HardFault_Handler                      0x08001a40   Section        0  stm32f4xx_it.o(i.HardFault_Handler)
    i.MX_CAN1_Init                           0x08001a44   Section        0  can.o(i.MX_CAN1_Init)
    i.MX_GPIO_Init                           0x08001a8c   Section        0  gpio.o(i.MX_GPIO_Init)
    i.MX_USART1_UART_Init                    0x08001b90   Section        0  usart.o(i.MX_USART1_UART_Init)
    i.MemManage_Handler                      0x08001bc8   Section        0  stm32f4xx_it.o(i.MemManage_Handler)
    i.Motor_Data_Handler                     0x08001bcc   Section        0  cybergear.o(i.Motor_Data_Handler)
    Motor_Data_Handler                       0x08001bcd   Thumb Code   108  cybergear.o(i.Motor_Data_Handler)
    i.NMI_Handler                            0x08001c48   Section        0  stm32f4xx_it.o(i.NMI_Handler)
    i.PendSV_Handler                         0x08001c4a   Section        0  stm32f4xx_it.o(i.PendSV_Handler)
    i.SVC_Handler                            0x08001c4c   Section        0  stm32f4xx_it.o(i.SVC_Handler)
    i.Set_Motor_Parameter                    0x08001c50   Section        0  cybergear.o(i.Set_Motor_Parameter)
    Set_Motor_Parameter                      0x08001c51   Thumb Code   120  cybergear.o(i.Set_Motor_Parameter)
    i.SysTick_Handler                        0x08001cd8   Section        0  stm32f4xx_it.o(i.SysTick_Handler)
    i.SystemClock_Config                     0x08001cdc   Section        0  main.o(i.SystemClock_Config)
    i.SystemCoreClockUpdate                  0x08001d70   Section        0  system_stm32f4xx.o(i.SystemCoreClockUpdate)
    i.SystemInit                             0x08001de8   Section        0  system_stm32f4xx.o(i.SystemInit)
    i.UART1_Init                             0x08001df8   Section        0  bsp_uart.o(i.UART1_Init)
    i.UART1_SendData                         0x08001fc8   Section        0  bsp_uart.o(i.UART1_SendData)
    i.UART4_IRQHandler                       0x0800201c   Section        0  bsp_uart.o(i.UART4_IRQHandler)
    i.UART5_IRQHandler                       0x080020d4   Section        0  bsp_uart.o(i.UART5_IRQHandler)
    i.UART_SetConfig                         0x08002180   Section        0  stm32f4xx_hal_uart.o(i.UART_SetConfig)
    UART_SetConfig                           0x08002181   Thumb Code   258  stm32f4xx_hal_uart.o(i.UART_SetConfig)
    i.USART1_IRQHandler                      0x0800228c   Section        0  bsp_uart.o(i.USART1_IRQHandler)
    i.USART2_IRQHandler                      0x08002348   Section        0  bsp_uart.o(i.USART2_IRQHandler)
    i.USART3_IRQHandler                      0x08002400   Section        0  bsp_uart.o(i.USART3_IRQHandler)
    i.USART6_IRQHandler                      0x080024b8   Section        0  bsp_uart.o(i.USART6_IRQHandler)
    i.UsageFault_Handler                     0x08002570   Section        0  stm32f4xx_it.o(i.UsageFault_Handler)
    i.__NVIC_SetPriority                     0x08002572   Section        0  stm32f4xx_hal_cortex.o(i.__NVIC_SetPriority)
    __NVIC_SetPriority                       0x08002573   Thumb Code    32  stm32f4xx_hal_cortex.o(i.__NVIC_SetPriority)
    i._is_digit                              0x08002592   Section        0  __printf_wp.o(i._is_digit)
    i._sys_exit                              0x080025a0   Section        0  bsp_uart.o(i._sys_exit)
    i.can_bsp_init                           0x080025a4   Section        0  bsp_can.o(i.can_bsp_init)
    i.fputc                                  0x080025c0   Section        0  bsp_uart.o(i.fputc)
    i.init_cybergear                         0x080025d0   Section        0  cybergear.o(i.init_cybergear)
    i.main                                   0x08002600   Section        0  main.o(i.main)
    i.set_mode_cybergear                     0x08002694   Section        0  cybergear.o(i.set_mode_cybergear)
    i.set_position_cybergear                 0x080026be   Section        0  cybergear.o(i.set_position_cybergear)
    i.start_cybergear                        0x08002730   Section        0  cybergear.o(i.start_cybergear)
    i.stop_cybergear                         0x08002760   Section        0  cybergear.o(i.stop_cybergear)
    i.uint16_to_float                        0x08002794   Section        0  cybergear.o(i.uint16_to_float)
    uint16_to_float                          0x08002795   Thumb Code    40  cybergear.o(i.uint16_to_float)
    x$fpl$d2f                                0x080027bc   Section       98  d2f.o(x$fpl$d2f)
    $v0                                      0x080027bc   Number         0  d2f.o(x$fpl$d2f)
    x$fpl$dfltu                              0x0800281e   Section       38  dflt_clz.o(x$fpl$dfltu)
    $v0                                      0x0800281e   Number         0  dflt_clz.o(x$fpl$dfltu)
    x$fpl$dmul                               0x08002844   Section      340  dmul.o(x$fpl$dmul)
    $v0                                      0x08002844   Number         0  dmul.o(x$fpl$dmul)
    x$fpl$dnaninf                            0x08002998   Section      156  dnaninf.o(x$fpl$dnaninf)
    $v0                                      0x08002998   Number         0  dnaninf.o(x$fpl$dnaninf)
    x$fpl$dretinf                            0x08002a34   Section       12  dretinf.o(x$fpl$dretinf)
    $v0                                      0x08002a34   Number         0  dretinf.o(x$fpl$dretinf)
    x$fpl$fpinit                             0x08002a40   Section       10  fpinit.o(x$fpl$fpinit)
    $v0                                      0x08002a40   Number         0  fpinit.o(x$fpl$fpinit)
    x$fpl$fretinf                            0x08002a4a   Section       10  fretinf.o(x$fpl$fretinf)
    $v0                                      0x08002a4a   Number         0  fretinf.o(x$fpl$fretinf)
    .constdata                               0x08002a54   Section       16  system_stm32f4xx.o(.constdata)
    x$fpl$usenofp                            0x08002a54   Section        0  usenofp.o(x$fpl$usenofp)
    .constdata                               0x08002a64   Section        8  system_stm32f4xx.o(.constdata)
    .constdata                               0x08002a6c   Section       17  __printf_flags_ss_wp.o(.constdata)
    maptable                                 0x08002a6c   Data          17  __printf_flags_ss_wp.o(.constdata)
    .data                                    0x20000000   Section       12  stm32f4xx_hal.o(.data)
    .data                                    0x2000000c   Section        4  system_stm32f4xx.o(.data)
    .data                                    0x20000010   Section       12  bsp_uart.o(.data)
    cnt                                      0x20000010   Data           2  bsp_uart.o(.data)
    cnt                                      0x20000012   Data           2  bsp_uart.o(.data)
    cnt                                      0x20000014   Data           2  bsp_uart.o(.data)
    cnt                                      0x20000016   Data           2  bsp_uart.o(.data)
    cnt                                      0x20000018   Data           2  bsp_uart.o(.data)
    cnt                                      0x2000001a   Data           2  bsp_uart.o(.data)
    .data                                    0x2000001c   Section        4  bsp_uart.o(.data)
    .data                                    0x20000020   Section       20  cybergear.o(.data)
    .bss                                     0x20000034   Section       40  can.o(.bss)
    .bss                                     0x2000005c   Section       72  usart.o(.bss)
    .bss                                     0x200000a4   Section    64900  bsp_uart.o(.bss)
    xUART1                                   0x200000a4   Data        8102  bsp_uart.o(.bss)
    xUART2                                   0x2000204a   Data        8102  bsp_uart.o(.bss)
    xUART3                                   0x20003ff0   Data        8102  bsp_uart.o(.bss)
    xUART4                                   0x20005f96   Data        8102  bsp_uart.o(.bss)
    xUART5                                   0x20007f3c   Data        8102  bsp_uart.o(.bss)
    xUART6                                   0x20009ee2   Data        8102  bsp_uart.o(.bss)
    rxTemp                                   0x2000be88   Data        4048  bsp_uart.o(.bss)
    mBuffer                                  0x2000ce58   Data        4048  bsp_uart.o(.bss)
    rxTemp                                   0x2000de28   Data        1024  bsp_uart.o(.bss)
    mBuffer                                  0x2000e228   Data         512  bsp_uart.o(.bss)
    rxTemp                                   0x2000e428   Data        1024  bsp_uart.o(.bss)
    mBuffer                                  0x2000e828   Data        1024  bsp_uart.o(.bss)
    rxTemp                                   0x2000ec28   Data        1024  bsp_uart.o(.bss)
    mBuffer                                  0x2000f028   Data         512  bsp_uart.o(.bss)
    rxTemp                                   0x2000f228   Data        1024  bsp_uart.o(.bss)
    mBuffer                                  0x2000f628   Data         512  bsp_uart.o(.bss)
    rxTemp                                   0x2000f828   Data        1024  bsp_uart.o(.bss)
    mBuffer                                  0x2000fc28   Data         512  bsp_uart.o(.bss)
    .bss                                     0x2000fe28   Section      180  cybergear.o(.bss)
    .bss                                     0x2000fedc   Section       96  libspace.o(.bss)
    HEAP                                     0x2000ff40   Section      512  startup_stm32f407xx.o(HEAP)
    Heap_Mem                                 0x2000ff40   Data         512  startup_stm32f407xx.o(HEAP)
    STACK                                    0x20010140   Section     1024  startup_stm32f407xx.o(STACK)
    Stack_Mem                                0x20010140   Data        1024  startup_stm32f407xx.o(STACK)
    __initial_sp                             0x20010540   Data           0  startup_stm32f407xx.o(STACK)

    Global Symbols

    Symbol Name                              Value     Ov Type        Size  Object(Section)

    BuildAttributes$$THM_ISAv4$E$P$D$K$B$S$7EM$VFPi3$EXTD16$VFPS$VFMA$PE$A:L22UL41UL21$X:L11$S22US41US21$IEEE1$IW$USESV6$~STKCKD$USESV7$~SHL$OTIME$ROPI$IEEEJ$EBA8$UX$STANDARDLIB$REQ8$PRES8$EABIv2 0x00000000   Number         0  anon$$obj.o ABSOLUTE
    __ARM_use_no_argv                        0x00000000   Number         0  main.o ABSOLUTE
    _printf_flags                            0x00000000   Number         0  printf_stubs.o ABSOLUTE
    _printf_return_value                     0x00000000   Number         0  printf_stubs.o ABSOLUTE
    _printf_sizespec                         0x00000000   Number         0  printf_stubs.o ABSOLUTE
    _printf_widthprec                        0x00000000   Number         0  printf_stubs.o ABSOLUTE
    __ARM_exceptions_init                     - Undefined Weak Reference
    __alloca_initialize                       - Undefined Weak Reference
    __arm_preinit_                            - Undefined Weak Reference
    __cpp_initialize__aeabi_                  - Undefined Weak Reference
    __cxa_finalize                            - Undefined Weak Reference
    __sigvec_lookup                           - Undefined Weak Reference
    _atexit_init                              - Undefined Weak Reference
    _call_atexit_fns                          - Undefined Weak Reference
    _clock_init                               - Undefined Weak Reference
    _fp_trap_init                             - Undefined Weak Reference
    _fp_trap_shutdown                         - Undefined Weak Reference
    _get_lc_collate                           - Undefined Weak Reference
    _get_lc_monetary                          - Undefined Weak Reference
    _get_lc_time                              - Undefined Weak Reference
    _getenv_init                              - Undefined Weak Reference
    _handle_redirection                       - Undefined Weak Reference
    _init_alloc                               - Undefined Weak Reference
    _init_user_alloc                          - Undefined Weak Reference
    _initio                                   - Undefined Weak Reference
    _mutex_acquire                            - Undefined Weak Reference
    _mutex_release                            - Undefined Weak Reference
    _printf_mbtowc                            - Undefined Weak Reference
    _printf_wc                                - Undefined Weak Reference
    _rand_init                                - Undefined Weak Reference
    _signal_finish                            - Undefined Weak Reference
    _signal_init                              - Undefined Weak Reference
    _terminate_alloc                          - Undefined Weak Reference
    _terminate_user_alloc                     - Undefined Weak Reference
    _terminateio                              - Undefined Weak Reference
    __Vectors_Size                           0x00000188   Number         0  startup_stm32f407xx.o ABSOLUTE
    __Vectors                                0x08000000   Data           4  startup_stm32f407xx.o(RESET)
    __Vectors_End                            0x08000188   Data           0  startup_stm32f407xx.o(RESET)
    __main                                   0x08000189   Thumb Code     8  __main.o(!!!main)
    __scatterload                            0x08000191   Thumb Code     0  __scatter.o(!!!scatter)
    __scatterload_rt2                        0x08000191   Thumb Code    44  __scatter.o(!!!scatter)
    __scatterload_rt2_thumb_only             0x08000191   Thumb Code     0  __scatter.o(!!!scatter)
    __scatterload_null                       0x0800019f   Thumb Code     0  __scatter.o(!!!scatter)
    __scatterload_copy                       0x080001c5   Thumb Code    26  __scatter_copy.o(!!handler_copy)
    __scatterload_zeroinit                   0x080001e1   Thumb Code    28  __scatter_zi.o(!!handler_zi)
    _printf_d                                0x080001fd   Thumb Code     0  _printf_d.o(.ARM.Collect$$_printf_percent$$00000009)
    _printf_percent                          0x080001fd   Thumb Code     0  _printf_percent.o(.ARM.Collect$$_printf_percent$$00000000)
    _printf_percent_end                      0x08000203   Thumb Code     0  _printf_percent_end.o(.ARM.Collect$$_printf_percent$$00000017)
    __rt_lib_init                            0x08000207   Thumb Code     0  libinit.o(.ARM.Collect$$libinit$$00000000)
    __rt_lib_init_fp_1                       0x08000209   Thumb Code     0  libinit2.o(.ARM.Collect$$libinit$$00000001)
    __rt_lib_init_alloca_1                   0x0800020d   Thumb Code     0  libinit2.o(.ARM.Collect$$libinit$$0000002E)
    __rt_lib_init_argv_1                     0x0800020d   Thumb Code     0  libinit2.o(.ARM.Collect$$libinit$$0000002C)
    __rt_lib_init_atexit_1                   0x0800020d   Thumb Code     0  libinit2.o(.ARM.Collect$$libinit$$0000001B)
    __rt_lib_init_clock_1                    0x0800020d   Thumb Code     0  libinit2.o(.ARM.Collect$$libinit$$00000021)
    __rt_lib_init_cpp_1                      0x0800020d   Thumb Code     0  libinit2.o(.ARM.Collect$$libinit$$00000032)
    __rt_lib_init_exceptions_1               0x0800020d   Thumb Code     0  libinit2.o(.ARM.Collect$$libinit$$00000030)
    __rt_lib_init_fp_trap_1                  0x0800020d   Thumb Code     0  libinit2.o(.ARM.Collect$$libinit$$0000001F)
    __rt_lib_init_getenv_1                   0x0800020d   Thumb Code     0  libinit2.o(.ARM.Collect$$libinit$$00000023)
    __rt_lib_init_heap_1                     0x0800020d   Thumb Code     0  libinit2.o(.ARM.Collect$$libinit$$0000000A)
    __rt_lib_init_lc_collate_1               0x0800020d   Thumb Code     0  libinit2.o(.ARM.Collect$$libinit$$00000011)
    __rt_lib_init_lc_ctype_1                 0x0800020d   Thumb Code     0  libinit2.o(.ARM.Collect$$libinit$$00000013)
    __rt_lib_init_lc_monetary_1              0x0800020d   Thumb Code     0  libinit2.o(.ARM.Collect$$libinit$$00000015)
    __rt_lib_init_lc_numeric_1               0x0800020d   Thumb Code     0  libinit2.o(.ARM.Collect$$libinit$$00000017)
    __rt_lib_init_lc_time_1                  0x0800020d   Thumb Code     0  libinit2.o(.ARM.Collect$$libinit$$00000019)
    __rt_lib_init_preinit_1                  0x0800020d   Thumb Code     0  libinit2.o(.ARM.Collect$$libinit$$00000004)
    __rt_lib_init_rand_1                     0x0800020d   Thumb Code     0  libinit2.o(.ARM.Collect$$libinit$$0000000E)
    __rt_lib_init_return                     0x0800020d   Thumb Code     0  libinit2.o(.ARM.Collect$$libinit$$00000033)
    __rt_lib_init_signal_1                   0x0800020d   Thumb Code     0  libinit2.o(.ARM.Collect$$libinit$$0000001D)
    __rt_lib_init_stdio_1                    0x0800020d   Thumb Code     0  libinit2.o(.ARM.Collect$$libinit$$00000025)
    __rt_lib_init_user_alloc_1               0x0800020d   Thumb Code     0  libinit2.o(.ARM.Collect$$libinit$$0000000C)
    __rt_lib_shutdown                        0x0800020f   Thumb Code     0  libshutdown.o(.ARM.Collect$$libshutdown$$00000000)
    __rt_lib_shutdown_cpp_1                  0x08000211   Thumb Code     0  libshutdown2.o(.ARM.Collect$$libshutdown$$00000002)
    __rt_lib_shutdown_fp_trap_1              0x08000211   Thumb Code     0  libshutdown2.o(.ARM.Collect$$libshutdown$$00000007)
    __rt_lib_shutdown_heap_1                 0x08000211   Thumb Code     0  libshutdown2.o(.ARM.Collect$$libshutdown$$0000000F)
    __rt_lib_shutdown_return                 0x08000211   Thumb Code     0  libshutdown2.o(.ARM.Collect$$libshutdown$$00000010)
    __rt_lib_shutdown_signal_1               0x08000211   Thumb Code     0  libshutdown2.o(.ARM.Collect$$libshutdown$$0000000A)
    __rt_lib_shutdown_stdio_1                0x08000211   Thumb Code     0  libshutdown2.o(.ARM.Collect$$libshutdown$$00000004)
    __rt_lib_shutdown_user_alloc_1           0x08000211   Thumb Code     0  libshutdown2.o(.ARM.Collect$$libshutdown$$0000000C)
    __rt_entry                               0x08000213   Thumb Code     0  __rtentry.o(.ARM.Collect$$rtentry$$00000000)
    __rt_entry_presh_1                       0x08000213   Thumb Code     0  __rtentry2.o(.ARM.Collect$$rtentry$$00000002)
    __rt_entry_sh                            0x08000213   Thumb Code     0  __rtentry4.o(.ARM.Collect$$rtentry$$00000004)
    __rt_entry_li                            0x08000219   Thumb Code     0  __rtentry2.o(.ARM.Collect$$rtentry$$0000000A)
    __rt_entry_postsh_1                      0x08000219   Thumb Code     0  __rtentry2.o(.ARM.Collect$$rtentry$$00000009)
    __rt_entry_main                          0x0800021d   Thumb Code     0  __rtentry2.o(.ARM.Collect$$rtentry$$0000000D)
    __rt_entry_postli_1                      0x0800021d   Thumb Code     0  __rtentry2.o(.ARM.Collect$$rtentry$$0000000C)
    __rt_exit                                0x08000225   Thumb Code     0  rtexit.o(.ARM.Collect$$rtexit$$00000000)
    __rt_exit_ls                             0x08000227   Thumb Code     0  rtexit2.o(.ARM.Collect$$rtexit$$00000003)
    __rt_exit_prels_1                        0x08000227   Thumb Code     0  rtexit2.o(.ARM.Collect$$rtexit$$00000002)
    __rt_exit_exit                           0x0800022b   Thumb Code     0  rtexit2.o(.ARM.Collect$$rtexit$$00000004)
    Reset_Handler                            0x08000231   Thumb Code     8  startup_stm32f407xx.o(.text)
    ADC_IRQHandler                           0x0800024b   Thumb Code     0  startup_stm32f407xx.o(.text)
    CAN1_RX1_IRQHandler                      0x0800024b   Thumb Code     0  startup_stm32f407xx.o(.text)
    CAN1_SCE_IRQHandler                      0x0800024b   Thumb Code     0  startup_stm32f407xx.o(.text)
    CAN1_TX_IRQHandler                       0x0800024b   Thumb Code     0  startup_stm32f407xx.o(.text)
    CAN2_RX0_IRQHandler                      0x0800024b   Thumb Code     0  startup_stm32f407xx.o(.text)
    CAN2_RX1_IRQHandler                      0x0800024b   Thumb Code     0  startup_stm32f407xx.o(.text)
    CAN2_SCE_IRQHandler                      0x0800024b   Thumb Code     0  startup_stm32f407xx.o(.text)
    CAN2_TX_IRQHandler                       0x0800024b   Thumb Code     0  startup_stm32f407xx.o(.text)
    DCMI_IRQHandler                          0x0800024b   Thumb Code     0  startup_stm32f407xx.o(.text)
    DMA1_Stream0_IRQHandler                  0x0800024b   Thumb Code     0  startup_stm32f407xx.o(.text)
    DMA1_Stream1_IRQHandler                  0x0800024b   Thumb Code     0  startup_stm32f407xx.o(.text)
    DMA1_Stream2_IRQHandler                  0x0800024b   Thumb Code     0  startup_stm32f407xx.o(.text)
    DMA1_Stream3_IRQHandler                  0x0800024b   Thumb Code     0  startup_stm32f407xx.o(.text)
    DMA1_Stream4_IRQHandler                  0x0800024b   Thumb Code     0  startup_stm32f407xx.o(.text)
    DMA1_Stream5_IRQHandler                  0x0800024b   Thumb Code     0  startup_stm32f407xx.o(.text)
    DMA1_Stream6_IRQHandler                  0x0800024b   Thumb Code     0  startup_stm32f407xx.o(.text)
    DMA1_Stream7_IRQHandler                  0x0800024b   Thumb Code     0  startup_stm32f407xx.o(.text)
    DMA2_Stream0_IRQHandler                  0x0800024b   Thumb Code     0  startup_stm32f407xx.o(.text)
    DMA2_Stream1_IRQHandler                  0x0800024b   Thumb Code     0  startup_stm32f407xx.o(.text)
    DMA2_Stream2_IRQHandler                  0x0800024b   Thumb Code     0  startup_stm32f407xx.o(.text)
    DMA2_Stream3_IRQHandler                  0x0800024b   Thumb Code     0  startup_stm32f407xx.o(.text)
    DMA2_Stream4_IRQHandler                  0x0800024b   Thumb Code     0  startup_stm32f407xx.o(.text)
    DMA2_Stream5_IRQHandler                  0x0800024b   Thumb Code     0  startup_stm32f407xx.o(.text)
    DMA2_Stream6_IRQHandler                  0x0800024b   Thumb Code     0  startup_stm32f407xx.o(.text)
    DMA2_Stream7_IRQHandler                  0x0800024b   Thumb Code     0  startup_stm32f407xx.o(.text)
    ETH_IRQHandler                           0x0800024b   Thumb Code     0  startup_stm32f407xx.o(.text)
    ETH_WKUP_IRQHandler                      0x0800024b   Thumb Code     0  startup_stm32f407xx.o(.text)
    EXTI15_10_IRQHandler                     0x0800024b   Thumb Code     0  startup_stm32f407xx.o(.text)
    EXTI2_IRQHandler                         0x0800024b   Thumb Code     0  startup_stm32f407xx.o(.text)
    EXTI3_IRQHandler                         0x0800024b   Thumb Code     0  startup_stm32f407xx.o(.text)
    EXTI9_5_IRQHandler                       0x0800024b   Thumb Code     0  startup_stm32f407xx.o(.text)
    FLASH_IRQHandler                         0x0800024b   Thumb Code     0  startup_stm32f407xx.o(.text)
    FMC_IRQHandler                           0x0800024b   Thumb Code     0  startup_stm32f407xx.o(.text)
    FPU_IRQHandler                           0x0800024b   Thumb Code     0  startup_stm32f407xx.o(.text)
    HASH_RNG_IRQHandler                      0x0800024b   Thumb Code     0  startup_stm32f407xx.o(.text)
    I2C1_ER_IRQHandler                       0x0800024b   Thumb Code     0  startup_stm32f407xx.o(.text)
    I2C1_EV_IRQHandler                       0x0800024b   Thumb Code     0  startup_stm32f407xx.o(.text)
    I2C2_ER_IRQHandler                       0x0800024b   Thumb Code     0  startup_stm32f407xx.o(.text)
    I2C2_EV_IRQHandler                       0x0800024b   Thumb Code     0  startup_stm32f407xx.o(.text)
    I2C3_ER_IRQHandler                       0x0800024b   Thumb Code     0  startup_stm32f407xx.o(.text)
    I2C3_EV_IRQHandler                       0x0800024b   Thumb Code     0  startup_stm32f407xx.o(.text)
    OTG_FS_IRQHandler                        0x0800024b   Thumb Code     0  startup_stm32f407xx.o(.text)
    OTG_FS_WKUP_IRQHandler                   0x0800024b   Thumb Code     0  startup_stm32f407xx.o(.text)
    OTG_HS_EP1_IN_IRQHandler                 0x0800024b   Thumb Code     0  startup_stm32f407xx.o(.text)
    OTG_HS_EP1_OUT_IRQHandler                0x0800024b   Thumb Code     0  startup_stm32f407xx.o(.text)
    OTG_HS_IRQHandler                        0x0800024b   Thumb Code     0  startup_stm32f407xx.o(.text)
    OTG_HS_WKUP_IRQHandler                   0x0800024b   Thumb Code     0  startup_stm32f407xx.o(.text)
    PVD_IRQHandler                           0x0800024b   Thumb Code     0  startup_stm32f407xx.o(.text)
    RCC_IRQHandler                           0x0800024b   Thumb Code     0  startup_stm32f407xx.o(.text)
    RTC_Alarm_IRQHandler                     0x0800024b   Thumb Code     0  startup_stm32f407xx.o(.text)
    RTC_WKUP_IRQHandler                      0x0800024b   Thumb Code     0  startup_stm32f407xx.o(.text)
    SDIO_IRQHandler                          0x0800024b   Thumb Code     0  startup_stm32f407xx.o(.text)
    SPI1_IRQHandler                          0x0800024b   Thumb Code     0  startup_stm32f407xx.o(.text)
    SPI2_IRQHandler                          0x0800024b   Thumb Code     0  startup_stm32f407xx.o(.text)
    SPI3_IRQHandler                          0x0800024b   Thumb Code     0  startup_stm32f407xx.o(.text)
    TAMP_STAMP_IRQHandler                    0x0800024b   Thumb Code     0  startup_stm32f407xx.o(.text)
    TIM1_BRK_TIM9_IRQHandler                 0x0800024b   Thumb Code     0  startup_stm32f407xx.o(.text)
    TIM1_CC_IRQHandler                       0x0800024b   Thumb Code     0  startup_stm32f407xx.o(.text)
    TIM1_TRG_COM_TIM11_IRQHandler            0x0800024b   Thumb Code     0  startup_stm32f407xx.o(.text)
    TIM1_UP_TIM10_IRQHandler                 0x0800024b   Thumb Code     0  startup_stm32f407xx.o(.text)
    TIM2_IRQHandler                          0x0800024b   Thumb Code     0  startup_stm32f407xx.o(.text)
    TIM3_IRQHandler                          0x0800024b   Thumb Code     0  startup_stm32f407xx.o(.text)
    TIM4_IRQHandler                          0x0800024b   Thumb Code     0  startup_stm32f407xx.o(.text)
    TIM5_IRQHandler                          0x0800024b   Thumb Code     0  startup_stm32f407xx.o(.text)
    TIM6_DAC_IRQHandler                      0x0800024b   Thumb Code     0  startup_stm32f407xx.o(.text)
    TIM7_IRQHandler                          0x0800024b   Thumb Code     0  startup_stm32f407xx.o(.text)
    TIM8_BRK_TIM12_IRQHandler                0x0800024b   Thumb Code     0  startup_stm32f407xx.o(.text)
    TIM8_CC_IRQHandler                       0x0800024b   Thumb Code     0  startup_stm32f407xx.o(.text)
    TIM8_TRG_COM_TIM14_IRQHandler            0x0800024b   Thumb Code     0  startup_stm32f407xx.o(.text)
    TIM8_UP_TIM13_IRQHandler                 0x0800024b   Thumb Code     0  startup_stm32f407xx.o(.text)
    WWDG_IRQHandler                          0x0800024b   Thumb Code     0  startup_stm32f407xx.o(.text)
    __user_initial_stackheap                 0x0800024d   Thumb Code     0  startup_stm32f407xx.o(.text)
    __use_no_semihosting                     0x08000271   Thumb Code     2  use_no_semi_2.o(.text)
    __aeabi_uldivmod                         0x08000273   Thumb Code     0  lludivv7m.o(.text)
    _ll_udiv                                 0x08000273   Thumb Code   238  lludivv7m.o(.text)
    __2printf                                0x08000361   Thumb Code    20  __2printf.o(.text)
    _printf_int_dec                          0x08000379   Thumb Code   104  _printf_dec.o(.text)
    __printf                                 0x080003f1   Thumb Code   388  __printf_flags_ss_wp.o(.text)
    __aeabi_memcpy                           0x08000579   Thumb Code     0  rt_memcpy_v6.o(.text)
    __rt_memcpy                              0x08000579   Thumb Code   138  rt_memcpy_v6.o(.text)
    _memcpy_lastbytes                        0x080005df   Thumb Code     0  rt_memcpy_v6.o(.text)
    __aeabi_memclr                           0x08000603   Thumb Code     0  rt_memclr.o(.text)
    __rt_memclr                              0x08000603   Thumb Code    68  rt_memclr.o(.text)
    _memset                                  0x08000607   Thumb Code     0  rt_memclr.o(.text)
    __aeabi_memclr4                          0x08000647   Thumb Code     0  rt_memclr_w.o(.text)
    __aeabi_memclr8                          0x08000647   Thumb Code     0  rt_memclr_w.o(.text)
    __rt_memclr_w                            0x08000647   Thumb Code    78  rt_memclr_w.o(.text)
    _memset_w                                0x0800064b   Thumb Code     0  rt_memclr_w.o(.text)
    __use_two_region_memory                  0x08000695   Thumb Code     2  heapauxi.o(.text)
    __rt_heap_escrow$2region                 0x08000697   Thumb Code     2  heapauxi.o(.text)
    __rt_heap_expand$2region                 0x08000699   Thumb Code     2  heapauxi.o(.text)
    __I$use$semihosting                      0x0800069b   Thumb Code     0  use_no_semi.o(.text)
    __use_no_semihosting_swi                 0x0800069b   Thumb Code     2  use_no_semi.o(.text)
    _printf_int_common                       0x0800069d   Thumb Code   178  _printf_intcommon.o(.text)
    _printf_char_common                      0x0800075b   Thumb Code    32  _printf_char_common.o(.text)
    _printf_char_file                        0x08000781   Thumb Code    32  _printf_char_file.o(.text)
    __aeabi_memcpy4                          0x080007a5   Thumb Code     0  rt_memcpy_w.o(.text)
    __aeabi_memcpy8                          0x080007a5   Thumb Code     0  rt_memcpy_w.o(.text)
    __rt_memcpy_w                            0x080007a5   Thumb Code   100  rt_memcpy_w.o(.text)
    _memcpy_lastbytes_aligned                0x080007ed   Thumb Code     0  rt_memcpy_w.o(.text)
    ferror                                   0x08000809   Thumb Code     8  ferror.o(.text)
    __user_setup_stackheap                   0x08000811   Thumb Code    74  sys_stackheap_outer.o(.text)
    exit                                     0x0800085b   Thumb Code    18  exit.o(.text)
    __user_libspace                          0x0800086d   Thumb Code     8  libspace.o(.text)
    __user_perproc_libspace                  0x0800086d   Thumb Code     0  libspace.o(.text)
    __user_perthread_libspace                0x0800086d   Thumb Code     0  libspace.o(.text)
    BusFault_Handler                         0x08000875   Thumb Code     2  stm32f4xx_it.o(i.BusFault_Handler)
    CAN1_FilterInit                          0x08000879   Thumb Code    56  bsp_can.o(i.CAN1_FilterInit)
    CAN1_RX0_IRQHandler                      0x080008b5   Thumb Code     6  stm32f4xx_it.o(i.CAN1_RX0_IRQHandler)
    DebugMon_Handler                         0x080008c1   Thumb Code     2  stm32f4xx_it.o(i.DebugMon_Handler)
    EXTI0_IRQHandler                         0x080008c3   Thumb Code     6  stm32f4xx_it.o(i.EXTI0_IRQHandler)
    EXTI1_IRQHandler                         0x080008c9   Thumb Code     6  stm32f4xx_it.o(i.EXTI1_IRQHandler)
    EXTI4_IRQHandler                         0x080008cf   Thumb Code     6  stm32f4xx_it.o(i.EXTI4_IRQHandler)
    Error_Handler                            0x080008d5   Thumb Code     4  main.o(i.Error_Handler)
    HAL_CAN_ActivateNotification             0x080008d9   Thumb Code    36  stm32f4xx_hal_can.o(i.HAL_CAN_ActivateNotification)
    HAL_CAN_AddTxMessage                     0x080008fd   Thumb Code   188  stm32f4xx_hal_can.o(i.HAL_CAN_AddTxMessage)
    HAL_CAN_ConfigFilter                     0x080009b9   Thumb Code   262  stm32f4xx_hal_can.o(i.HAL_CAN_ConfigFilter)
    HAL_CAN_ErrorCallback                    0x08000ac5   Thumb Code     2  stm32f4xx_hal_can.o(i.HAL_CAN_ErrorCallback)
    HAL_CAN_GetRxMessage                     0x08000ac7   Thumb Code   244  stm32f4xx_hal_can.o(i.HAL_CAN_GetRxMessage)
    HAL_CAN_IRQHandler                       0x08000bbb   Thumb Code   508  stm32f4xx_hal_can.o(i.HAL_CAN_IRQHandler)
    HAL_CAN_Init                             0x08000db7   Thumb Code   282  stm32f4xx_hal_can.o(i.HAL_CAN_Init)
    HAL_CAN_MspInit                          0x08000ed1   Thumb Code   110  can.o(i.HAL_CAN_MspInit)
    HAL_CAN_RxFifo0FullCallback              0x08000f4d   Thumb Code     2  stm32f4xx_hal_can.o(i.HAL_CAN_RxFifo0FullCallback)
    HAL_CAN_RxFifo0MsgPendingCallback        0x08000f51   Thumb Code    84  cybergear.o(i.HAL_CAN_RxFifo0MsgPendingCallback)
    HAL_CAN_RxFifo1FullCallback              0x08000fad   Thumb Code     2  stm32f4xx_hal_can.o(i.HAL_CAN_RxFifo1FullCallback)
    HAL_CAN_RxFifo1MsgPendingCallback        0x08000faf   Thumb Code     2  stm32f4xx_hal_can.o(i.HAL_CAN_RxFifo1MsgPendingCallback)
    HAL_CAN_SleepCallback                    0x08000fb1   Thumb Code     2  stm32f4xx_hal_can.o(i.HAL_CAN_SleepCallback)
    HAL_CAN_Start                            0x08000fb5   Thumb Code    88  stm32f4xx_hal_can.o(i.HAL_CAN_Start)
    HAL_CAN_TxMailbox0AbortCallback          0x0800100d   Thumb Code     2  stm32f4xx_hal_can.o(i.HAL_CAN_TxMailbox0AbortCallback)
    HAL_CAN_TxMailbox0CompleteCallback       0x0800100f   Thumb Code     2  stm32f4xx_hal_can.o(i.HAL_CAN_TxMailbox0CompleteCallback)
    HAL_CAN_TxMailbox1AbortCallback          0x08001011   Thumb Code     2  stm32f4xx_hal_can.o(i.HAL_CAN_TxMailbox1AbortCallback)
    HAL_CAN_TxMailbox1CompleteCallback       0x08001013   Thumb Code     2  stm32f4xx_hal_can.o(i.HAL_CAN_TxMailbox1CompleteCallback)
    HAL_CAN_TxMailbox2AbortCallback          0x08001015   Thumb Code     2  stm32f4xx_hal_can.o(i.HAL_CAN_TxMailbox2AbortCallback)
    HAL_CAN_TxMailbox2CompleteCallback       0x08001017   Thumb Code     2  stm32f4xx_hal_can.o(i.HAL_CAN_TxMailbox2CompleteCallback)
    HAL_CAN_WakeUpFromRxMsgCallback          0x08001019   Thumb Code     2  stm32f4xx_hal_can.o(i.HAL_CAN_WakeUpFromRxMsgCallback)
    HAL_Delay                                0x0800101d   Thumb Code    32  stm32f4xx_hal.o(i.HAL_Delay)
    HAL_GPIO_EXTI_Callback                   0x08001041   Thumb Code    60  main.o(i.HAL_GPIO_EXTI_Callback)
    HAL_GPIO_EXTI_IRQHandler                 0x080010a5   Thumb Code    18  stm32f4xx_hal_gpio.o(i.HAL_GPIO_EXTI_IRQHandler)
    HAL_GPIO_Init                            0x080010bd   Thumb Code   450  stm32f4xx_hal_gpio.o(i.HAL_GPIO_Init)
    HAL_GPIO_TogglePin                       0x080012ad   Thumb Code    16  stm32f4xx_hal_gpio.o(i.HAL_GPIO_TogglePin)
    HAL_GPIO_WritePin                        0x080012bd   Thumb Code    10  stm32f4xx_hal_gpio.o(i.HAL_GPIO_WritePin)
    HAL_GetTick                              0x080012c9   Thumb Code     6  stm32f4xx_hal.o(i.HAL_GetTick)
    HAL_IncTick                              0x080012d5   Thumb Code    12  stm32f4xx_hal.o(i.HAL_IncTick)
    HAL_Init                                 0x080012e5   Thumb Code    48  stm32f4xx_hal.o(i.HAL_Init)
    HAL_InitTick                             0x08001319   Thumb Code    54  stm32f4xx_hal.o(i.HAL_InitTick)
    HAL_MspInit                              0x08001359   Thumb Code    42  stm32f4xx_hal_msp.o(i.HAL_MspInit)
    HAL_NVIC_EnableIRQ                       0x08001389   Thumb Code    26  stm32f4xx_hal_cortex.o(i.HAL_NVIC_EnableIRQ)
    HAL_NVIC_SetPriority                     0x080013a5   Thumb Code    60  stm32f4xx_hal_cortex.o(i.HAL_NVIC_SetPriority)
    HAL_NVIC_SetPriorityGrouping             0x080013e5   Thumb Code    26  stm32f4xx_hal_cortex.o(i.HAL_NVIC_SetPriorityGrouping)
    HAL_RCC_ClockConfig                      0x08001409   Thumb Code   288  stm32f4xx_hal_rcc.o(i.HAL_RCC_ClockConfig)
    HAL_RCC_GetPCLK1Freq                     0x0800153d   Thumb Code    20  stm32f4xx_hal_rcc.o(i.HAL_RCC_GetPCLK1Freq)
    HAL_RCC_GetPCLK2Freq                     0x0800155d   Thumb Code    20  stm32f4xx_hal_rcc.o(i.HAL_RCC_GetPCLK2Freq)
    HAL_RCC_GetSysClockFreq                  0x0800157d   Thumb Code    88  stm32f4xx_hal_rcc.o(i.HAL_RCC_GetSysClockFreq)
    HAL_RCC_OscConfig                        0x080015dd   Thumb Code   856  stm32f4xx_hal_rcc.o(i.HAL_RCC_OscConfig)
    HAL_SYSTICK_Config                       0x08001949   Thumb Code    40  stm32f4xx_hal_cortex.o(i.HAL_SYSTICK_Config)
    HAL_UART_Init                            0x08001971   Thumb Code   100  stm32f4xx_hal_uart.o(i.HAL_UART_Init)
    HAL_UART_MspInit                         0x080019d5   Thumb Code    94  usart.o(i.HAL_UART_MspInit)
    HardFault_Handler                        0x08001a41   Thumb Code     2  stm32f4xx_it.o(i.HardFault_Handler)
    MX_CAN1_Init                             0x08001a45   Thumb Code    62  can.o(i.MX_CAN1_Init)
    MX_GPIO_Init                             0x08001a8d   Thumb Code   242  gpio.o(i.MX_GPIO_Init)
    MX_USART1_UART_Init                      0x08001b91   Thumb Code    48  usart.o(i.MX_USART1_UART_Init)
    MemManage_Handler                        0x08001bc9   Thumb Code     2  stm32f4xx_it.o(i.MemManage_Handler)
    NMI_Handler                              0x08001c49   Thumb Code     2  stm32f4xx_it.o(i.NMI_Handler)
    PendSV_Handler                           0x08001c4b   Thumb Code     2  stm32f4xx_it.o(i.PendSV_Handler)
    SVC_Handler                              0x08001c4d   Thumb Code     2  stm32f4xx_it.o(i.SVC_Handler)
    SysTick_Handler                          0x08001cd9   Thumb Code     4  stm32f4xx_it.o(i.SysTick_Handler)
    SystemClock_Config                       0x08001cdd   Thumb Code   138  main.o(i.SystemClock_Config)
    SystemCoreClockUpdate                    0x08001d71   Thumb Code   104  system_stm32f4xx.o(i.SystemCoreClockUpdate)
    SystemInit                               0x08001de9   Thumb Code    12  system_stm32f4xx.o(i.SystemInit)
    UART1_Init                               0x08001df9   Thumb Code   292  bsp_uart.o(i.UART1_Init)
    UART1_SendData                           0x08001fc9   Thumb Code    74  bsp_uart.o(i.UART1_SendData)
    UART4_IRQHandler                         0x0800201d   Thumb Code   164  bsp_uart.o(i.UART4_IRQHandler)
    UART5_IRQHandler                         0x080020d5   Thumb Code   152  bsp_uart.o(i.UART5_IRQHandler)
    USART1_IRQHandler                        0x0800228d   Thumb Code   164  bsp_uart.o(i.USART1_IRQHandler)
    USART2_IRQHandler                        0x08002349   Thumb Code   164  bsp_uart.o(i.USART2_IRQHandler)
    USART3_IRQHandler                        0x08002401   Thumb Code   164  bsp_uart.o(i.USART3_IRQHandler)
    USART6_IRQHandler                        0x080024b9   Thumb Code   164  bsp_uart.o(i.USART6_IRQHandler)
    UsageFault_Handler                       0x08002571   Thumb Code     2  stm32f4xx_it.o(i.UsageFault_Handler)
    _is_digit                                0x08002593   Thumb Code    14  __printf_wp.o(i._is_digit)
    _sys_exit                                0x080025a1   Thumb Code     2  bsp_uart.o(i._sys_exit)
    can_bsp_init                             0x080025a5   Thumb Code    24  bsp_can.o(i.can_bsp_init)
    fputc                                    0x080025c1   Thumb Code    14  bsp_uart.o(i.fputc)
    init_cybergear                           0x080025d1   Thumb Code    44  cybergear.o(i.init_cybergear)
    main                                     0x08002601   Thumb Code   134  main.o(i.main)
    set_mode_cybergear                       0x08002695   Thumb Code    42  cybergear.o(i.set_mode_cybergear)
    set_position_cybergear                   0x080026bf   Thumb Code   114  cybergear.o(i.set_position_cybergear)
    start_cybergear                          0x08002731   Thumb Code    30  cybergear.o(i.start_cybergear)
    stop_cybergear                           0x08002761   Thumb Code    34  cybergear.o(i.stop_cybergear)
    __aeabi_d2f                              0x080027bd   Thumb Code     0  d2f.o(x$fpl$d2f)
    _d2f                                     0x080027bd   Thumb Code    98  d2f.o(x$fpl$d2f)
    __aeabi_ui2d                             0x0800281f   Thumb Code     0  dflt_clz.o(x$fpl$dfltu)
    _dfltu                                   0x0800281f   Thumb Code    38  dflt_clz.o(x$fpl$dfltu)
    __aeabi_dmul                             0x08002845   Thumb Code     0  dmul.o(x$fpl$dmul)
    _dmul                                    0x08002845   Thumb Code   332  dmul.o(x$fpl$dmul)
    __fpl_dnaninf                            0x08002999   Thumb Code   156  dnaninf.o(x$fpl$dnaninf)
    __fpl_dretinf                            0x08002a35   Thumb Code    12  dretinf.o(x$fpl$dretinf)
    _fp_init                                 0x08002a41   Thumb Code    10  fpinit.o(x$fpl$fpinit)
    __fplib_config_fpu_vfp                   0x08002a49   Thumb Code     0  fpinit.o(x$fpl$fpinit)
    __fplib_config_pureend_doubles           0x08002a49   Thumb Code     0  fpinit.o(x$fpl$fpinit)
    __fpl_fretinf                            0x08002a4b   Thumb Code    10  fretinf.o(x$fpl$fretinf)
    AHBPrescTable                            0x08002a54   Data          16  system_stm32f4xx.o(.constdata)
    __I$use$fp                               0x08002a54   Number         0  usenofp.o(x$fpl$usenofp)
    APBPrescTable                            0x08002a64   Data           8  system_stm32f4xx.o(.constdata)
    Region$$Table$$Base                      0x08002a80   Number         0  anon$$obj.o(Region$$Table)
    Region$$Table$$Limit                     0x08002aa0   Number         0  anon$$obj.o(Region$$Table)
    uwTickFreq                               0x20000000   Data           1  stm32f4xx_hal.o(.data)
    uwTickPrio                               0x20000004   Data           4  stm32f4xx_hal.o(.data)
    uwTick                                   0x20000008   Data           4  stm32f4xx_hal.o(.data)
    SystemCoreClock                          0x2000000c   Data           4  system_stm32f4xx.o(.data)
    __stdout                                 0x2000001c   Data           4  bsp_uart.o(.data)
    send_mail_box                            0x20000020   Data           4  cybergear.o(.data)
    Motor_Can_ID                             0x20000024   Data           4  cybergear.o(.data)
    byte                                     0x20000028   Data           4  cybergear.o(.data)
    rx_data                                  0x2000002c   Data           8  cybergear.o(.data)
    hcan1                                    0x20000034   Data          40  can.o(.bss)
    huart1                                   0x2000005c   Data          72  usart.o(.bss)
    rxMsg                                    0x2000fe28   Data          28  cybergear.o(.bss)
    txMsg                                    0x2000fe44   Data          24  cybergear.o(.bss)
    mi_motor                                 0x2000fe5c   Data         128  cybergear.o(.bss)
    __libspace_start                         0x2000fedc   Data          96  libspace.o(.bss)
    __temporary_stack_top$libspace           0x2000ff3c   Data           0  libspace.o(.bss)



==============================================================================

Memory Map of the image

  Image Entry point : 0x08000189

  Load Region LR_IROM1 (Base: 0x08000000, Size: 0x00002ad4, Max: 0x00080000, ABSOLUTE)

    Execution Region ER_IROM1 (Base: 0x08000000, Size: 0x00002aa0, Max: 0x00080000, ABSOLUTE)

    Base Addr    Size         Type   Attr      Idx    E Section Name        Object

    0x08000000   0x00000188   Data   RO            3    RESET               startup_stm32f407xx.o
    0x08000188   0x00000008   Code   RO         2732  * !!!main             c_w.l(__main.o)
    0x08000190   0x00000034   Code   RO         3061    !!!scatter          c_w.l(__scatter.o)
    0x080001c4   0x0000001a   Code   RO         3063    !!handler_copy      c_w.l(__scatter_copy.o)
    0x080001de   0x00000002   PAD
    0x080001e0   0x0000001c   Code   RO         3065    !!handler_zi        c_w.l(__scatter_zi.o)
    0x080001fc   0x00000000   Code   RO         2723    .ARM.Collect$$_printf_percent$$00000000  c_w.l(_printf_percent.o)
    0x080001fc   0x00000006   Code   RO         2722    .ARM.Collect$$_printf_percent$$00000009  c_w.l(_printf_d.o)
    0x08000202   0x00000004   Code   RO         2813    .ARM.Collect$$_printf_percent$$00000017  c_w.l(_printf_percent_end.o)
    0x08000206   0x00000002   Code   RO         2926    .ARM.Collect$$libinit$$00000000  c_w.l(libinit.o)
    0x08000208   0x00000004   Code   RO         2947    .ARM.Collect$$libinit$$00000001  c_w.l(libinit2.o)
    0x0800020c   0x00000000   Code   RO         2950    .ARM.Collect$$libinit$$00000004  c_w.l(libinit2.o)
    0x0800020c   0x00000000   Code   RO         2953    .ARM.Collect$$libinit$$0000000A  c_w.l(libinit2.o)
    0x0800020c   0x00000000   Code   RO         2955    .ARM.Collect$$libinit$$0000000C  c_w.l(libinit2.o)
    0x0800020c   0x00000000   Code   RO         2957    .ARM.Collect$$libinit$$0000000E  c_w.l(libinit2.o)
    0x0800020c   0x00000000   Code   RO         2960    .ARM.Collect$$libinit$$00000011  c_w.l(libinit2.o)
    0x0800020c   0x00000000   Code   RO         2962    .ARM.Collect$$libinit$$00000013  c_w.l(libinit2.o)
    0x0800020c   0x00000000   Code   RO         2964    .ARM.Collect$$libinit$$00000015  c_w.l(libinit2.o)
    0x0800020c   0x00000000   Code   RO         2966    .ARM.Collect$$libinit$$00000017  c_w.l(libinit2.o)
    0x0800020c   0x00000000   Code   RO         2968    .ARM.Collect$$libinit$$00000019  c_w.l(libinit2.o)
    0x0800020c   0x00000000   Code   RO         2970    .ARM.Collect$$libinit$$0000001B  c_w.l(libinit2.o)
    0x0800020c   0x00000000   Code   RO         2972    .ARM.Collect$$libinit$$0000001D  c_w.l(libinit2.o)
    0x0800020c   0x00000000   Code   RO         2974    .ARM.Collect$$libinit$$0000001F  c_w.l(libinit2.o)
    0x0800020c   0x00000000   Code   RO         2976    .ARM.Collect$$libinit$$00000021  c_w.l(libinit2.o)
    0x0800020c   0x00000000   Code   RO         2978    .ARM.Collect$$libinit$$00000023  c_w.l(libinit2.o)
    0x0800020c   0x00000000   Code   RO         2980    .ARM.Collect$$libinit$$00000025  c_w.l(libinit2.o)
    0x0800020c   0x00000000   Code   RO         2984    .ARM.Collect$$libinit$$0000002C  c_w.l(libinit2.o)
    0x0800020c   0x00000000   Code   RO         2986    .ARM.Collect$$libinit$$0000002E  c_w.l(libinit2.o)
    0x0800020c   0x00000000   Code   RO         2988    .ARM.Collect$$libinit$$00000030  c_w.l(libinit2.o)
    0x0800020c   0x00000000   Code   RO         2990    .ARM.Collect$$libinit$$00000032  c_w.l(libinit2.o)
    0x0800020c   0x00000002   Code   RO         2991    .ARM.Collect$$libinit$$00000033  c_w.l(libinit2.o)
    0x0800020e   0x00000002   Code   RO         3017    .ARM.Collect$$libshutdown$$00000000  c_w.l(libshutdown.o)
    0x08000210   0x00000000   Code   RO         3044    .ARM.Collect$$libshutdown$$00000002  c_w.l(libshutdown2.o)
    0x08000210   0x00000000   Code   RO         3046    .ARM.Collect$$libshutdown$$00000004  c_w.l(libshutdown2.o)
    0x08000210   0x00000000   Code   RO         3049    .ARM.Collect$$libshutdown$$00000007  c_w.l(libshutdown2.o)
    0x08000210   0x00000000   Code   RO         3052    .ARM.Collect$$libshutdown$$0000000A  c_w.l(libshutdown2.o)
    0x08000210   0x00000000   Code   RO         3054    .ARM.Collect$$libshutdown$$0000000C  c_w.l(libshutdown2.o)
    0x08000210   0x00000000   Code   RO         3057    .ARM.Collect$$libshutdown$$0000000F  c_w.l(libshutdown2.o)
    0x08000210   0x00000002   Code   RO         3058    .ARM.Collect$$libshutdown$$00000010  c_w.l(libshutdown2.o)
    0x08000212   0x00000000   Code   RO         2746    .ARM.Collect$$rtentry$$00000000  c_w.l(__rtentry.o)
    0x08000212   0x00000000   Code   RO         2841    .ARM.Collect$$rtentry$$00000002  c_w.l(__rtentry2.o)
    0x08000212   0x00000006   Code   RO         2853    .ARM.Collect$$rtentry$$00000004  c_w.l(__rtentry4.o)
    0x08000218   0x00000000   Code   RO         2843    .ARM.Collect$$rtentry$$00000009  c_w.l(__rtentry2.o)
    0x08000218   0x00000004   Code   RO         2844    .ARM.Collect$$rtentry$$0000000A  c_w.l(__rtentry2.o)
    0x0800021c   0x00000000   Code   RO         2846    .ARM.Collect$$rtentry$$0000000C  c_w.l(__rtentry2.o)
    0x0800021c   0x00000008   Code   RO         2847    .ARM.Collect$$rtentry$$0000000D  c_w.l(__rtentry2.o)
    0x08000224   0x00000002   Code   RO         2934    .ARM.Collect$$rtexit$$00000000  c_w.l(rtexit.o)
    0x08000226   0x00000000   Code   RO         2993    .ARM.Collect$$rtexit$$00000002  c_w.l(rtexit2.o)
    0x08000226   0x00000004   Code   RO         2994    .ARM.Collect$$rtexit$$00000003  c_w.l(rtexit2.o)
    0x0800022a   0x00000006   Code   RO         2995    .ARM.Collect$$rtexit$$00000004  c_w.l(rtexit2.o)
    0x08000230   0x00000040   Code   RO            4    .text               startup_stm32f407xx.o
    0x08000270   0x00000002   Code   RO         2688    .text               c_w.l(use_no_semi_2.o)
    0x08000272   0x000000ee   Code   RO         2690    .text               c_w.l(lludivv7m.o)
    0x08000360   0x00000018   Code   RO         2694    .text               c_w.l(__2printf.o)
    0x08000378   0x00000078   Code   RO         2700    .text               c_w.l(_printf_dec.o)
    0x080003f0   0x00000188   Code   RO         2719    .text               c_w.l(__printf_flags_ss_wp.o)
    0x08000578   0x0000008a   Code   RO         2724    .text               c_w.l(rt_memcpy_v6.o)
    0x08000602   0x00000044   Code   RO         2726    .text               c_w.l(rt_memclr.o)
    0x08000646   0x0000004e   Code   RO         2728    .text               c_w.l(rt_memclr_w.o)
    0x08000694   0x00000006   Code   RO         2730    .text               c_w.l(heapauxi.o)
    0x0800069a   0x00000002   Code   RO         2744    .text               c_w.l(use_no_semi.o)
    0x0800069c   0x000000b2   Code   RO         2757    .text               c_w.l(_printf_intcommon.o)
    0x0800074e   0x00000002   PAD
    0x08000750   0x00000030   Code   RO         2761    .text               c_w.l(_printf_char_common.o)
    0x08000780   0x00000024   Code   RO         2767    .text               c_w.l(_printf_char_file.o)
    0x080007a4   0x00000064   Code   RO         2823    .text               c_w.l(rt_memcpy_w.o)
    0x08000808   0x00000008   Code   RO         2870    .text               c_w.l(ferror.o)
    0x08000810   0x0000004a   Code   RO         2876    .text               c_w.l(sys_stackheap_outer.o)
    0x0800085a   0x00000012   Code   RO         2915    .text               c_w.l(exit.o)
    0x0800086c   0x00000008   Code   RO         2931    .text               c_w.l(libspace.o)
    0x08000874   0x00000002   Code   RO          291    i.BusFault_Handler  stm32f4xx_it.o
    0x08000876   0x00000002   PAD
    0x08000878   0x0000003c   Code   RO         2224    i.CAN1_FilterInit   bsp_can.o
    0x080008b4   0x0000000c   Code   RO          292    i.CAN1_RX0_IRQHandler  stm32f4xx_it.o
    0x080008c0   0x00000002   Code   RO          293    i.DebugMon_Handler  stm32f4xx_it.o
    0x080008c2   0x00000006   Code   RO          294    i.EXTI0_IRQHandler  stm32f4xx_it.o
    0x080008c8   0x00000006   Code   RO          295    i.EXTI1_IRQHandler  stm32f4xx_it.o
    0x080008ce   0x00000006   Code   RO          296    i.EXTI4_IRQHandler  stm32f4xx_it.o
    0x080008d4   0x00000004   Code   RO           13    i.Error_Handler     main.o
    0x080008d8   0x00000024   Code   RO          416    i.HAL_CAN_ActivateNotification  stm32f4xx_hal_can.o
    0x080008fc   0x000000bc   Code   RO          417    i.HAL_CAN_AddTxMessage  stm32f4xx_hal_can.o
    0x080009b8   0x0000010c   Code   RO          418    i.HAL_CAN_ConfigFilter  stm32f4xx_hal_can.o
    0x08000ac4   0x00000002   Code   RO          421    i.HAL_CAN_ErrorCallback  stm32f4xx_hal_can.o
    0x08000ac6   0x000000f4   Code   RO          424    i.HAL_CAN_GetRxMessage  stm32f4xx_hal_can.o
    0x08000bba   0x000001fc   Code   RO          428    i.HAL_CAN_IRQHandler  stm32f4xx_hal_can.o
    0x08000db6   0x0000011a   Code   RO          429    i.HAL_CAN_Init      stm32f4xx_hal_can.o
    0x08000ed0   0x0000007c   Code   RO          206    i.HAL_CAN_MspInit   can.o
    0x08000f4c   0x00000002   Code   RO          436    i.HAL_CAN_RxFifo0FullCallback  stm32f4xx_hal_can.o
    0x08000f4e   0x00000002   PAD
    0x08000f50   0x0000005c   Code   RO         2574    i.HAL_CAN_RxFifo0MsgPendingCallback  cybergear.o
    0x08000fac   0x00000002   Code   RO          438    i.HAL_CAN_RxFifo1FullCallback  stm32f4xx_hal_can.o
    0x08000fae   0x00000002   Code   RO          439    i.HAL_CAN_RxFifo1MsgPendingCallback  stm32f4xx_hal_can.o
    0x08000fb0   0x00000002   Code   RO          440    i.HAL_CAN_SleepCallback  stm32f4xx_hal_can.o
    0x08000fb2   0x00000002   PAD
    0x08000fb4   0x00000058   Code   RO          441    i.HAL_CAN_Start     stm32f4xx_hal_can.o
    0x0800100c   0x00000002   Code   RO          443    i.HAL_CAN_TxMailbox0AbortCallback  stm32f4xx_hal_can.o
    0x0800100e   0x00000002   Code   RO          444    i.HAL_CAN_TxMailbox0CompleteCallback  stm32f4xx_hal_can.o
    0x08001010   0x00000002   Code   RO          445    i.HAL_CAN_TxMailbox1AbortCallback  stm32f4xx_hal_can.o
    0x08001012   0x00000002   Code   RO          446    i.HAL_CAN_TxMailbox1CompleteCallback  stm32f4xx_hal_can.o
    0x08001014   0x00000002   Code   RO          447    i.HAL_CAN_TxMailbox2AbortCallback  stm32f4xx_hal_can.o
    0x08001016   0x00000002   Code   RO          448    i.HAL_CAN_TxMailbox2CompleteCallback  stm32f4xx_hal_can.o
    0x08001018   0x00000002   Code   RO          450    i.HAL_CAN_WakeUpFromRxMsgCallback  stm32f4xx_hal_can.o
    0x0800101a   0x00000002   PAD
    0x0800101c   0x00000024   Code   RO         1536    i.HAL_Delay         stm32f4xx_hal.o
    0x08001040   0x00000064   Code   RO           14    i.HAL_GPIO_EXTI_Callback  main.o
    0x080010a4   0x00000018   Code   RO         1003    i.HAL_GPIO_EXTI_IRQHandler  stm32f4xx_hal_gpio.o
    0x080010bc   0x000001f0   Code   RO         1004    i.HAL_GPIO_Init     stm32f4xx_hal_gpio.o
    0x080012ac   0x00000010   Code   RO         1007    i.HAL_GPIO_TogglePin  stm32f4xx_hal_gpio.o
    0x080012bc   0x0000000a   Code   RO         1008    i.HAL_GPIO_WritePin  stm32f4xx_hal_gpio.o
    0x080012c6   0x00000002   PAD
    0x080012c8   0x0000000c   Code   RO         1542    i.HAL_GetTick       stm32f4xx_hal.o
    0x080012d4   0x00000010   Code   RO         1548    i.HAL_IncTick       stm32f4xx_hal.o
    0x080012e4   0x00000034   Code   RO         1549    i.HAL_Init          stm32f4xx_hal.o
    0x08001318   0x00000040   Code   RO         1550    i.HAL_InitTick      stm32f4xx_hal.o
    0x08001358   0x00000030   Code   RO          391    i.HAL_MspInit       stm32f4xx_hal_msp.o
    0x08001388   0x0000001a   Code   RO         1394    i.HAL_NVIC_EnableIRQ  stm32f4xx_hal_cortex.o
    0x080013a2   0x00000002   PAD
    0x080013a4   0x00000040   Code   RO         1400    i.HAL_NVIC_SetPriority  stm32f4xx_hal_cortex.o
    0x080013e4   0x00000024   Code   RO         1401    i.HAL_NVIC_SetPriorityGrouping  stm32f4xx_hal_cortex.o
    0x08001408   0x00000134   Code   RO          650    i.HAL_RCC_ClockConfig  stm32f4xx_hal_rcc.o
    0x0800153c   0x00000020   Code   RO          657    i.HAL_RCC_GetPCLK1Freq  stm32f4xx_hal_rcc.o
    0x0800155c   0x00000020   Code   RO          658    i.HAL_RCC_GetPCLK2Freq  stm32f4xx_hal_rcc.o
    0x0800157c   0x00000060   Code   RO          659    i.HAL_RCC_GetSysClockFreq  stm32f4xx_hal_rcc.o
    0x080015dc   0x0000036c   Code   RO          662    i.HAL_RCC_OscConfig  stm32f4xx_hal_rcc.o
    0x08001948   0x00000028   Code   RO         1405    i.HAL_SYSTICK_Config  stm32f4xx_hal_cortex.o
    0x08001970   0x00000064   Code   RO         1853    i.HAL_UART_Init     stm32f4xx_hal_uart.o
    0x080019d4   0x0000006c   Code   RO          250    i.HAL_UART_MspInit  usart.o
    0x08001a40   0x00000002   Code   RO          297    i.HardFault_Handler  stm32f4xx_it.o
    0x08001a42   0x00000002   PAD
    0x08001a44   0x00000048   Code   RO          207    i.MX_CAN1_Init      can.o
    0x08001a8c   0x00000104   Code   RO          181    i.MX_GPIO_Init      gpio.o
    0x08001b90   0x00000038   Code   RO          251    i.MX_USART1_UART_Init  usart.o
    0x08001bc8   0x00000002   Code   RO          298    i.MemManage_Handler  stm32f4xx_it.o
    0x08001bca   0x00000002   PAD
    0x08001bcc   0x0000007c   Code   RO         2575    i.Motor_Data_Handler  cybergear.o
    0x08001c48   0x00000002   Code   RO          299    i.NMI_Handler       stm32f4xx_it.o
    0x08001c4a   0x00000002   Code   RO          300    i.PendSV_Handler    stm32f4xx_it.o
    0x08001c4c   0x00000002   Code   RO          301    i.SVC_Handler       stm32f4xx_it.o
    0x08001c4e   0x00000002   PAD
    0x08001c50   0x00000088   Code   RO         2576    i.Set_Motor_Parameter  cybergear.o
    0x08001cd8   0x00000004   Code   RO          302    i.SysTick_Handler   stm32f4xx_it.o
    0x08001cdc   0x00000094   Code   RO           15    i.SystemClock_Config  main.o
    0x08001d70   0x00000078   Code   RO         2186    i.SystemCoreClockUpdate  system_stm32f4xx.o
    0x08001de8   0x00000010   Code   RO         2187    i.SystemInit        system_stm32f4xx.o
    0x08001df8   0x000001d0   Code   RO         2274    i.UART1_Init        bsp_uart.o
    0x08001fc8   0x00000054   Code   RO         2275    i.UART1_SendData    bsp_uart.o
    0x0800201c   0x000000b8   Code   RO         2292    i.UART4_IRQHandler  bsp_uart.o
    0x080020d4   0x000000ac   Code   RO         2299    i.UART5_IRQHandler  bsp_uart.o
    0x08002180   0x0000010c   Code   RO         1879    i.UART_SetConfig    stm32f4xx_hal_uart.o
    0x0800228c   0x000000bc   Code   RO         2309    i.USART1_IRQHandler  bsp_uart.o
    0x08002348   0x000000b8   Code   RO         2310    i.USART2_IRQHandler  bsp_uart.o
    0x08002400   0x000000b8   Code   RO         2311    i.USART3_IRQHandler  bsp_uart.o
    0x080024b8   0x000000b8   Code   RO         2312    i.USART6_IRQHandler  bsp_uart.o
    0x08002570   0x00000002   Code   RO          303    i.UsageFault_Handler  stm32f4xx_it.o
    0x08002572   0x00000020   Code   RO         1407    i.__NVIC_SetPriority  stm32f4xx_hal_cortex.o
    0x08002592   0x0000000e   Code   RO         2712    i._is_digit         c_w.l(__printf_wp.o)
    0x080025a0   0x00000002   Code   RO         2313    i._sys_exit         bsp_uart.o
    0x080025a2   0x00000002   PAD
    0x080025a4   0x0000001c   Code   RO         2226    i.can_bsp_init      bsp_can.o
    0x080025c0   0x0000000e   Code   RO         2314    i.fputc             bsp_uart.o
    0x080025ce   0x00000002   PAD
    0x080025d0   0x00000030   Code   RO         2579    i.init_cybergear    cybergear.o
    0x08002600   0x00000094   Code   RO           16    i.main              main.o
    0x08002694   0x0000002a   Code   RO         2583    i.set_mode_cybergear  cybergear.o
    0x080026be   0x00000072   Code   RO         2584    i.set_position_cybergear  cybergear.o
    0x08002730   0x00000030   Code   RO         2587    i.start_cybergear   cybergear.o
    0x08002760   0x00000034   Code   RO         2588    i.stop_cybergear    cybergear.o
    0x08002794   0x00000028   Code   RO         2589    i.uint16_to_float   cybergear.o
    0x080027bc   0x00000062   Code   RO         2734    x$fpl$d2f           fz_wm.l(d2f.o)
    0x0800281e   0x00000026   Code   RO         2736    x$fpl$dfltu         fz_wm.l(dflt_clz.o)
    0x08002844   0x00000154   Code   RO         2742    x$fpl$dmul          fz_wm.l(dmul.o)
    0x08002998   0x0000009c   Code   RO         2825    x$fpl$dnaninf       fz_wm.l(dnaninf.o)
    0x08002a34   0x0000000c   Code   RO         2827    x$fpl$dretinf       fz_wm.l(dretinf.o)
    0x08002a40   0x0000000a   Code   RO         3005    x$fpl$fpinit        fz_wm.l(fpinit.o)
    0x08002a4a   0x0000000a   Code   RO         2829    x$fpl$fretinf       fz_wm.l(fretinf.o)
    0x08002a54   0x00000000   Code   RO         2839    x$fpl$usenofp       fz_wm.l(usenofp.o)
    0x08002a54   0x00000010   Data   RO         2188    .constdata          system_stm32f4xx.o
    0x08002a64   0x00000008   Data   RO         2189    .constdata          system_stm32f4xx.o
    0x08002a6c   0x00000011   Data   RO         2720    .constdata          c_w.l(__printf_flags_ss_wp.o)
    0x08002a7d   0x00000003   PAD
    0x08002a80   0x00000020   Data   RO         3059    Region$$Table       anon$$obj.o


    Execution Region RW_IRAM1 (Base: 0x20000000, Size: 0x00010540, Max: 0x0001c000, ABSOLUTE)

    Base Addr    Size         Type   Attr      Idx    E Section Name        Object

    0x20000000   0x0000000c   Data   RW         1556    .data               stm32f4xx_hal.o
    0x2000000c   0x00000004   Data   RW         2190    .data               system_stm32f4xx.o
    0x20000010   0x0000000c   Data   RW         2317    .data               bsp_uart.o
    0x2000001c   0x00000004   Data   RW         2318    .data               bsp_uart.o
    0x20000020   0x00000014   Data   RW         2591    .data               cybergear.o
    0x20000034   0x00000028   Zero   RW          210    .bss                can.o
    0x2000005c   0x00000048   Zero   RW          252    .bss                usart.o
    0x200000a4   0x0000fd84   Zero   RW         2316    .bss                bsp_uart.o
    0x2000fe28   0x000000b4   Zero   RW         2590    .bss                cybergear.o
    0x2000fedc   0x00000060   Zero   RW         2932    .bss                c_w.l(libspace.o)
    0x2000ff3c   0x00000004   PAD
    0x2000ff40   0x00000200   Zero   RW            2    HEAP                startup_stm32f407xx.o
    0x20010140   0x00000400   Zero   RW            1    STACK               startup_stm32f407xx.o


    Execution Region RW_IRAM2 (Base: 0x2001c000, Size: 0x00000000, Max: 0x00004000, ABSOLUTE)

    **** No section assigned to this execution region ****


==============================================================================

Image component sizes


      Code (inc. data)   RO Data    RW Data    ZI Data      Debug   Object Name

        88          8          0          0          0       1105   bsp_can.o
      1660        306          0         16      64900      12576   bsp_uart.o
       196         24          0          0         40       1885   can.o
       696         80          0         20        180       9109   cybergear.o
       260         18          0          0          0       1071   gpio.o
       400         64          0          0          0     671209   main.o
        64         26        392          0       1536        860   startup_stm32f407xx.o
       180         28          0         12          0       9601   stm32f4xx_hal.o
      1638          6          0          0          0      14787   stm32f4xx_hal_can.o
       198         14          0          0          0      33975   stm32f4xx_hal_cortex.o
       546         52          0          0          0       3584   stm32f4xx_hal_gpio.o
        48          6          0          0          0        906   stm32f4xx_hal_msp.o
      1344         72          0          0          0       5384   stm32f4xx_hal_rcc.o
       368         10          0          0          0       2120   stm32f4xx_hal_uart.o
        50          6          0          0          0       6349   stm32f4xx_it.o
       136         20         24          4          0       1967   system_stm32f4xx.o
       164         22          0          0         72       1806   usart.o

    ----------------------------------------------------------------------
      8058        762        448         52      66728     778294   Object Totals
         0          0         32          0          0          0   (incl. Generated)
        22          0          0          0          0          0   (incl. Padding)

    ----------------------------------------------------------------------

      Code (inc. data)   RO Data    RW Data    ZI Data      Debug   Library Member Name

        24          4          0          0          0         84   __2printf.o
         8          0          0          0          0         68   __main.o
       392          4         17          0          0         92   __printf_flags_ss_wp.o
        14          0          0          0          0         68   __printf_wp.o
         0          0          0          0          0          0   __rtentry.o
        12          0          0          0          0          0   __rtentry2.o
         6          0          0          0          0          0   __rtentry4.o
        52          8          0          0          0          0   __scatter.o
        26          0          0          0          0          0   __scatter_copy.o
        28          0          0          0          0          0   __scatter_zi.o
        48          6          0          0          0         96   _printf_char_common.o
        36          4          0          0          0         80   _printf_char_file.o
         6          0          0          0          0          0   _printf_d.o
       120         16          0          0          0         92   _printf_dec.o
       178          0          0          0          0         88   _printf_intcommon.o
         0          0          0          0          0          0   _printf_percent.o
         4          0          0          0          0          0   _printf_percent_end.o
        18          0          0          0          0         80   exit.o
         8          0          0          0          0         68   ferror.o
         6          0          0          0          0        152   heapauxi.o
         2          0          0          0          0          0   libinit.o
         6          0          0          0          0          0   libinit2.o
         2          0          0          0          0          0   libshutdown.o
         2          0          0          0          0          0   libshutdown2.o
         8          4          0          0         96         68   libspace.o
       238          0          0          0          0        100   lludivv7m.o
        68          0          0          0          0         68   rt_memclr.o
        78          0          0          0          0         80   rt_memclr_w.o
       138          0          0          0          0         68   rt_memcpy_v6.o
       100          0          0          0          0         80   rt_memcpy_w.o
         2          0          0          0          0          0   rtexit.o
        10          0          0          0          0          0   rtexit2.o
        74          0          0          0          0         80   sys_stackheap_outer.o
         2          0          0          0          0         68   use_no_semi.o
         2          0          0          0          0         68   use_no_semi_2.o
        98          4          0          0          0        140   d2f.o
        38          0          0          0          0        116   dflt_clz.o
       340         12          0          0          0        152   dmul.o
       156          4          0          0          0        140   dnaninf.o
        12          0          0          0          0        116   dretinf.o
        10          0          0          0          0        116   fpinit.o
        10          0          0          0          0        116   fretinf.o
         0          0          0          0          0          0   usenofp.o

    ----------------------------------------------------------------------
      2386         66         20          0        100       2544   Library Totals
         4          0          3          0          4          0   (incl. Padding)

    ----------------------------------------------------------------------

      Code (inc. data)   RO Data    RW Data    ZI Data      Debug   Library Name

      1718         46         17          0         96       1648   c_w.l
       664         20          0          0          0        896   fz_wm.l

    ----------------------------------------------------------------------
      2386         66         20          0        100       2544   Library Totals

    ----------------------------------------------------------------------

==============================================================================


      Code (inc. data)   RO Data    RW Data    ZI Data      Debug   

     10444        828        468         52      66828     771606   Grand Totals
     10444        828        468         52      66828     771606   ELF Image Totals
     10444        828        468         52          0          0   ROM Totals

==============================================================================

    Total RO  Size (Code + RO Data)                10912 (  10.66kB)
    Total RW  Size (RW Data + ZI Data)             66880 (  65.31kB)
    Total ROM Size (Code + RO Data + RW Data)      10964 (  10.71kB)

==============================================================================

